<6>[    0.000000] Initializing cgroup subsys cpuset
<6>[    0.000000] Initializing cgroup subsys cpu
<6>[    0.000000] Initializing cgroup subsys cpuacct
<5>[    0.000000] Linux version 3.14.41-quilt-R539-L1-cf2df17e (android@sofia-lte) (gcc version 4.8.2 (GCC) ) #1 SMP PREEMPT Fri Aug 7 17:53:12 PDT 2015
<6>[    0.000000] e820: BIOS-provided physical RAM map:
<6>[    0.000000] BIOS-e820: [mem 0x0000000000000000-0x000000002effffff] usable
<6>[    0.000000] BIOS-e820: [mem 0x000000002f000000-0x00000000fffffffe] reserved
<4>[    0.000000] APIC Verbosity level sofia not recognised use apic=verbose or apic=debug
<4>[    0.000000] Malformed early option 'apic'
<6>[    0.000000] bootconsole [earlyxgold0] enabled
<6>[    0.000000] NX (Execute Disable) protection: active
<7>[    0.000000] e820: update [mem 0x00600000-0x006345f2] usable ==> usable
<6>[    0.000000] extended physical RAM map:
<6>[    0.000000] reserve setup_data: [mem 0x0000000000000000-0x00000000005fffff] usable
<6>[    0.000000] reserve setup_data: [mem 0x0000000000600000-0x00000000006345f2] usable
<6>[    0.000000] reserve setup_data: [mem 0x00000000006345f3-0x000000002effffff] usable
<6>[    0.000000] reserve setup_data: [mem 0x000000002f000000-0x00000000fffffffe] reserved
<7>[    0.000000] e820: update [mem 0x00000000-0x00000fff] usable ==> reserved
<7>[    0.000000] e820: remove [mem 0x000a0000-0x000fffff] usable
<6>[    0.000000] e820: last_pfn = 0x2f000 max_arch_pfn = 0x1000000
<7>[    0.000000] MTRR default type: uncachable
<7>[    0.000000] MTRR variable ranges enabled:
<7>[    0.000000]   0 base 000000000 mask 0C0000000 write-back
<7>[    0.000000]   1 base 0FFF00000 mask 0FFF80000 write-back
<7>[    0.000000]   2 base 0FFFE0000 mask 0FFFE0000 write-back
<7>[    0.000000]   3 disabled
<7>[    0.000000]   4 disabled
<7>[    0.000000]   5 disabled
<7>[    0.000000]   6 disabled
<7>[    0.000000]   7 disabled
<6>[    0.000000] x86 PAT enabled: cpu 0, old 0x7050400070106, new 0x7010600070106
<7>[    0.000000] e820: update [mem 0x40000000-0xffefffff] usable ==> reserved
<7>[    0.000000] e820: update [mem 0xfff80000-0xfffdffff] usable ==> reserved
<7>[    0.000000] initial memory mapped: [mem 0x00000000-0x021fffff]
<7>[    0.000000] Base memory trampoline at [8009c000] 9c000 size 16384
<6>[    0.000000] init_memory_mapping: [mem 0x00000000-0x000fffff]
<7>[    0.000000]  [mem 0x00000000-0x000fffff] page 4k
<6>[    0.000000] init_memory_mapping: [mem 0x2ee00000-0x2effffff]
<7>[    0.000000]  [mem 0x2ee00000-0x2effffff] page 2M
<6>[    0.000000] init_memory_mapping: [mem 0x2c000000-0x2edfffff]
<7>[    0.000000]  [mem 0x2c000000-0x2edfffff] page 2M
<6>[    0.000000] init_memory_mapping: [mem 0x00100000-0x2bffffff]
<7>[    0.000000]  [mem 0x00100000-0x001fffff] page 4k
<7>[    0.000000]  [mem 0x00200000-0x2bffffff] page 2M
<7>[    0.000000] BRK [0x0182a000, 0x0182afff] PGTABLE
<6>[    0.000000] Reserved memory: 'region@0' reserve CMA default limit 0x00000000, size 144 MiB
<6>[    0.000000] cma: CMA: reserved 144 MiB at 26000000
<6>[    0.000000] RAMDISK: [mem 0x00400000-0x004fffff]
<5>[    0.000000] 752MB LOWMEM available.
<6>[    0.000000]   mapped low ram: 0 - 2f000000
<6>[    0.000000]   low ram: 0 - 2f000000
<7>[    0.000000] Zone ranges:
<7>[    0.000000]   DMA      [mem 0x00001000-0x00ffffff]
<7>[    0.000000]   Normal   [mem 0x01000000-0x2effffff]
<7>[    0.000000] Movable zone start for each node
<7>[    0.000000] Early memory node ranges
<7>[    0.000000]   node   0: [mem 0x00001000-0x0009ffff]
<7>[    0.000000]   node   0: [mem 0x00100000-0x2effffff]
<7>[    0.000000] On node 0 totalpages: 192415
<7>[    0.000000] free_area_init_node: node 0, pgdat 8140efc0, node_mem_map a5a20020
<7>[    0.000000]   DMA zone: 32 pages used for memmap
<7>[    0.000000]   DMA zone: 0 pages reserved
<7>[    0.000000]   DMA zone: 3999 pages, LIFO batch:0
<7>[    0.000000]   Normal zone: 1472 pages used for memmap
<7>[    0.000000]   Normal zone: 188416 pages, LIFO batch:31
<6>[    0.000000] Using APIC driver sofia
<6>[    0.000000] smpboot: Allowing 4 CPUs, 0 hotplug CPUs
<6>[    0.000000] xgold_pstore_ram: reserved RAM buffer (0x219000@0x25789000)
<6>[    0.000000] e820: [mem 0x10000000-0x103fffff] available for PCI devices
<6>[    0.000000] Booting XGOLD kernel
<6>[    0.000000] setup_percpu: NR_CPUS:4 nr_cpumask_bits:4 nr_cpu_ids:4 nr_node_ids:1
<6>[    0.000000] PERCPU: Embedded 13 pages/cpu @a5753000 s32320 r0 d20928 u53248
<7>[    0.000000] pcpu-alloc: s32320 r0 d20928 u53248 alloc=13*4096
<7>[    0.000000] pcpu-alloc: [0] 0 [0] 1 [0] 2 [0] 3 
<7>[    0.000000] Built 1 zonelists in Zone order, mobility grouping on.  Total pages: 190911
<5>[    0.000000] Kernel command line: androidboot.bootloader=1531.400_M1S1 androidboot.serialno=004999010640000 bl_shared_ram=4k@0xfff4f000 idle=halt debug nolapic_pm apic=sofia cma=144M console=ttyS0,115200n8 earlyprintk=xgold loglevel=7 androidboot.hardware=slti20mr6 firmware_class.path=/system/etc/firmware enforcing=0 androidboot.selinux=permissive thermal.off=1
<6>[    0.000000] PID hash table entries: 4096 (order: 2, 16384 bytes)
<6>[    0.000000] Dentry cache hash table entries: 131072 (order: 7, 524288 bytes)
<6>[    0.000000] Inode-cache hash table entries: 65536 (order: 6, 262144 bytes)
<6>[    0.000000] Initializing CPU#0
<6>[    0.000000] allocated 1540088 bytes of page_cgroup
<6>[    0.000000] please try 'cgroup_disable=memory' option if you don't want memory cgroups
<7>[    0.000000] Memory: 592960K/769660K available (8164K kernel code, 852K rwdata, 3528K rodata, 584K init, 3316K bss, 176700K reserved)
<6>[    0.000000] virtual kernel memory layout:
<6>[    0.000000]     fixmap  : 0xfffa6000 - 0xfffff000   ( 356 kB)
<6>[    0.000000]     vmalloc : 0xaf800000 - 0xfffa4000   (1287 MB)
<6>[    0.000000]     lowmem  : 0x80000000 - 0xaf000000   ( 752 MB)
<6>[    0.000000]       .init : 0x81443000 - 0x814d5000   ( 584 kB)
<6>[    0.000000]       .data : 0x80ff95a2 - 0x81442300   (4387 kB)
<6>[    0.000000]       .text : 0x80800000 - 0x80ff95a2   (8165 kB)
<6>[    0.000000] Checking if this processor honours the WP bit even in supervisor mode...Ok.
<6>[    0.000000] SLUB: HWalign=64, Order=0-3, MinObjects=0, CPUs=4, Nodes=1
<6>[    0.000000] Preemptible hierarchical RCU implementation.
<6>[    0.000000] NR_IRQS:16 nr_irqs:16 0
<6>[    0.000000] vpic_of_init: Initializing SoFIA vpic
<6>[    0.000000] vpic_of_init: xgold-vpic register remapping: Reg: af800000, entries af804000
<6>[    0.000000] irq-xgold: new irq domain: intel,capcom - 8 irqs
<6>[    0.000000] irq-xgold: new irq domain: intel,xgold_eint - 45 irqs
<6>[    0.000000] irq-xgold: new irq domain: intel,sofia-main-hirq - 1 irqs
<6>[    0.000000] irq-xgold: new irq domain: intel,sofia-hirq - 512 irqs
<7>[    0.000000] CPU 0 irqstacks, hard=a502a000 soft=a502c000
<6>[    0.000000] --> x86_xgold_time_init
<6>[    0.000000] Intel x86 xgold using lapic only
<6>[    0.000000] xgold_of_timer_map:Clock event device rating set to 0x32
<6>[    0.000000] xgold_of_timer_map:Clock source device rating set to 0x32
<6>[    0.000000] XGOLD STM:Clock frequency 26MHz
<6>[    0.000000] XGOLD STM:Clock event min precision 38000ns
<6>[    0.000000] XGOLD STM:Clock event max precision 1000000000ns
<6>[    0.000000] xgold_of_timer_map: Masking cpu0 for STM usage
<6>[    0.000000] xgold_of_timer_map: Masking cpu1 for STM usage
<6>[    0.000000] XGOLD STM timer clkevent [38000ns-1000000000ns]
<6>[    0.000000] xgold_stm_clkevent_setup: Setup clkevent for CPU0
<3>[    0.000000] xgold_stm_clkevent_setup: Installing vector 109 done
<6>[    0.000000] <-- x86_xgold_time_init
<6>[    0.000000] xgold_calibrate_tsc: Run it for 10 ms
<6>[    0.000000] xgold_calibrate_tsc: LAPIC Timer frequency is 104.0217 MHz.
<6>[    0.000000] tsc: Detected 3752.096 MHz processor
<6>[    0.000016] Calibrating delay loop (skipped), value calculated using timer frequency.. 7504.19 BogoMIPS (lpj=37520960)
<6>[    0.010697] pid_max: default: 32768 minimum: 301
<6>[    0.015517] Security Framework initialized
<6>[    0.019508] SELinux:  Initializing.
<7>[    0.023015] SELinux:  Starting in permissive mode
<6>[    0.023098] Mount-cache hash table entries: 2048 (order: 1, 8192 bytes)
<6>[    0.029609] Mountpoint-cache hash table entries: 2048 (order: 1, 8192 bytes)
<6>[    0.098337] Initializing cgroup subsys debug
<6>[    0.102540] Initializing cgroup subsys memory
<6>[    0.106837] Initializing cgroup subsys freezer
<6>[    0.111717] CPU: Physical Processor ID: 0
<6>[    0.115616] CPU: Processor Core ID: 1
<6>[    0.119331] Last level iTLB entries: 4KB 48, 2MB 0, 4MB 0
<6>[    0.119331] Last level dTLB entries: 4KB 128, 2MB 16, 4MB 16, 1GB 0
<6>[    0.119331] tlb_flushall_shift: 6
<6>[    0.137623] Freeing SMP alternatives memory: 28K (814d5000 - 814dc000)
<6>[    0.143995] ftrace: allocating 29974 entries in 59 pages
<6>[    0.405342] smpboot: CPU0: Genuine Intel(R) CPU         @ 728 (fam: 06, model: 65, stepping: 00)
<6>[    0.414132] Performance Events: generic architected perfmon, full-width counters, Intel PMU driver.
<6>[    0.423036] ... version:                3
<6>[    0.427069] ... bit width:              40
<6>[    0.431114] ... generic registers:      2
<6>[    0.435148] ... value mask:             000000ffffffffff
<6>[    0.440418] ... max period:             000000ffffffffff
<6>[    0.445754] ... fixed-purpose events:   3
<6>[    0.449721] ... event mask:             0000000700000003
<6>[    0.509055] Initializing Xgold Reset controller driver.
<6>[    0.514702] xgold_reset_do_sanity: Using R/W register access scheme
<6>[    0.520902] Registering Xgold Reset controller @af806218
<6>[    0.526166] xgold_reset_do_sanity: Using R/W register access scheme
<6>[    0.532433] Registering Xgold Reset controller @af80821c
<6>[    0.537726] xgold_reset_do_sanity: Using R/W register access scheme
<6>[    0.543997] Registering Xgold Reset controller @af80a220
<6>[    0.549289] xgold_reset_do_sanity: Using R/W register access scheme
<6>[    0.555597] Registering Xgold Reset controller @af80c224
<6>[    0.561769] xgold_stm_clkevent_setup: Setup clkevent for CPU0
<7>[    0.584964] CPU 1 irqstacks, hard=a51fc000 soft=a51fe000
<6>[    0.584978] x86: Booting SMP configuration:
<6>[    0.589001] .... node  #0, CPUs:      #1
<6>[    1.260846] Initializing CPU#1
<6>[    1.264485] xgold_stm_clkevent_setup: Setup clkevent for CPU1
<3>[    1.274653] xgold_stm_clkevent_setup: Installing vector 108 done
<7>[    1.305516] CPU 2 irqstacks, hard=a524c000 soft=a524e000
<7>[    1.305550]  #2
<6>[    1.305851] Initializing CPU#2
<7>[    1.330936] CPU 3 irqstacks, hard=a529e000 soft=a52a8000
<7>[    1.333860]  #3
<6>[    1.334150] Initializing CPU#3
<6>[    1.338281] x86: Booted up 1 node, 4 CPUs
<6>[    1.345195] smpboot: Total of 4 processors activated (30016.76 BogoMIPS)
<6>[    1.389189] xor: measuring software checksum speed
<6>[    1.484648]    pIII_sse  :   649.600 MB/sec
<6>[    1.584682]    prefetch64-sse:   698.000 MB/sec
<6>[    1.589062] xor: using function: prefetch64-sse (698.000 MB/sec)
<6>[    1.595148] pinctrl core: initialized pinctrl subsystem
<6>[    1.601536] regulator-dummy: no parameters
<6>[    1.610923] NET: Registered protocol family 16
<6>[    1.618137] cpuidle: using governor ladder
<6>[    1.622172] cpuidle: using governor menu
<4>[    1.627723] ------------[ cut here ]------------
<4>[    1.632304] WARNING: CPU: 2 PID: 1 at arch/x86/mm/ioremap.c:73 __ioremap_check_ram+0x85/0x90()
<7>[    1.640868] ioremap on RAM pfn 0x600
<7>[    1.640891] Modules linked in:
<7>[    1.640934] CPU: 2 PID: 1 Comm: swapper/0 Not tainted 3.14.41-quilt-R539-L1-cf2df17e #1
<7>[    1.640956]  00000000 00000000 a5165dc8 80fedd7f a5165e08 a5165df8 8083d07e 81238c36
<7>[    1.641014]  a5165e24 00000001 81238c20 00000049 80830755 80830755 a5a2c020 0002f000
<7>[    1.641068]  00000400 a5165e10 8083d0d3 00000009 a5165e08 81238c36 a5165e24 a5165e34
<7>[    1.641126] Call Trace:
<7>[    1.641178]  [<80fedd7f>] dump_stack+0x4b/0x75
<7>[    1.641220]  [<8083d07e>] warn_slowpath_common+0x7e/0xa0
<7>[    1.641258]  [<80830755>] ? __ioremap_check_ram+0x85/0x90
<7>[    1.641289]  [<80830755>] ? __ioremap_check_ram+0x85/0x90
<7>[    1.641322]  [<8083d0d3>] warn_slowpath_fmt+0x33/0x40
<7>[    1.641355]  [<80830755>] __ioremap_check_ram+0x85/0x90
<7>[    1.641390]  [<808431f0>] walk_system_ram_range+0xe0/0x100
<7>[    1.641424]  [<8083042f>] __ioremap_caller+0x6f/0x2a0
<7>[    1.641454]  [<808306d0>] ? ioremap_prot+0x20/0x20
<7>[    1.641494]  [<80b58315>] ? kobject_add+0x35/0x80
<7>[    1.641526]  [<80b58390>] ? kobject_create_and_add+0x30/0x70
<7>[    1.641558]  [<808306a8>] ioremap_cache+0x18/0x20
<7>[    1.641592]  [<814478f6>] ? boot_params_ksysfs_init+0x79/0x20b
<7>[    1.641621]  [<814478f6>] boot_params_ksysfs_init+0x79/0x20b
<7>[    1.641654]  [<80869837>] ? preempt_count_sub+0x67/0xf0
<7>[    1.641682]  [<80869837>] ? preempt_count_sub+0x67/0xf0
<7>[    1.641719]  [<80e2656b>] ? of_find_property+0x3b/0x50
<7>[    1.641755]  [<81445e3e>] ? reboot_init+0x41/0x41
<7>[    1.641783]  [<8144787d>] ? probe_roms+0x20d/0x20d
<7>[    1.641815]  [<80800442>] do_one_initcall+0xa2/0x160
<7>[    1.641851]  [<80859878>] ? parameq+0x18/0x70
<7>[    1.641882]  [<814434e9>] ? repair_env_string+0x12/0x51
<7>[    1.641911]  [<81443400>] ? init_setup+0x10/0x22
<7>[    1.641941]  [<80859aeb>] ? parse_args+0x21b/0x440
<7>[    1.641976]  [<80ff7276>] ? _raw_spin_unlock_irqrestore+0x26/0x60
<7>[    1.642010]  [<8087a8bf>] ? __wake_up+0x3f/0x50
<7>[    1.642044]  [<81443bb2>] kernel_init_freeable+0x151/0x1e8
<7>[    1.642076]  [<814434d7>] ? do_early_param+0x78/0x78
<7>[    1.642112]  [<80fe56c0>] kernel_init+0x10/0xe0
<7>[    1.642143]  [<80ff8277>] ret_from_kernel_thread+0x1b/0x28
<7>[    1.642172]  [<80fe56b0>] ? rest_init+0x80/0x80
<4>[    1.642236] ---[ end trace 1120bf35d20ff99e ]---
<6>[    1.647788] Initializing DMA ops for non coherent architecture
<6>[    1.653573] --> xgold_init_machine
<6>[    1.657324] register chip revision 0x1
<6>[    1.831595] <-- xgold_init_machine
<6>[    1.841462] xgold_pm_of_init: 118 pm users added
<6>[    1.848605] xgold_pm_of_init: 24 pm class added
<6>[    1.872883] pinctrl-single e4800000.pinmux: 658 pins at pa af80e000 size 2632
<6>[    1.881690] gpio: gpio: io: linux-@:b0800000
<6>[    1.885813] gpio: XGold gpio probed base:0 num:145 gpios from gpio
<6>[    1.893637] VPOWER: Running in async mode
<6>[    1.897554] fmdev_init()
<6>[    1.900436] fmdev_init(): Success! retval: 0
<6>[    1.908271] pmic_reg_access: init OK
<6>[    1.939704] bio: create slab <bio-0> at 0
<7>[    2.115230] raid6: mmxx1      180 MB/s
<7>[    2.284814] raid6: mmxx2      221 MB/s
<7>[    2.454644] raid6: sse1x1     225 MB/s
<7>[    2.624824] raid6: sse1x2     257 MB/s
<7>[    2.794815] raid6: sse2x1     435 MB/s
<7>[    2.964805] raid6: sse2x2     507 MB/s
<7>[    2.964830] raid6: using algorithm sse2x2 (507 MB/s)
<7>[    2.964850] raid6: using ssse3x1 recovery algorithm
<6>[    2.967725] xgold_cpuidle_init: Initializing xgold cpuidle driver
<6>[    2.974429] idle xgold: Name | latency | residency | power | flags | vmmid
<6>[    2.981168] 	S0 [WFE]	 100	 100	 100	 1 0
<6>[    2.986920] Enter xgold_dma_probe
<6>[    2.994626] pl08xdmac pl08xdmac: initialized 8 virtual memcpy channels
<6>[    3.001235] pl08xdmac pl08xdmac: initialized 22 virtual slave channels
<6>[    3.016562] pl08xdmac pl08xdmac: DMA: PL080 rev0 at 0xe0100000 irq 104
<6>[    3.025573] wlan_ldo: 3000 mV 
<6>[    3.028774] Registering device PM controlled regulator
<6>[    3.035428] lmmc1: 1800 <--> 2900 mV 
<6>[    3.039833] lemmc: 1800 <--> 2900 mV 
<6>[    3.044298] lcd: 2900 mV 
<6>[    3.047552] XGOLD Network On Chip (NoC) initialisation
<6>[    3.053778] xgold-noc e9010000.l1_noc: XGOLD NoC driver initialization e9010000.l1_noc
<6>[    3.062963] xgold-noc e9010000.l1_noc: 5 probe(s), 4 filter(s), 2 counter(s), error policy: print
<6>[    3.071957] xgold-noc e9010000.l1_noc: intel,DCC2-qos-settings added to list(0)
<6>[    3.079218] xgold-noc e9010000.l1_noc: intel,GPU-qos-settings added to list(0)
<6>[    3.086567] xgold-noc e9010000.l1_noc: intel,CPU1-qos-settings added to list(1)
<6>[    3.093841] xgold-noc e9010000.l1_noc: intel,CIF-qos-settings added to list(0)
<6>[    3.118352] xgold-noc e9014000.l2_noc: XGOLD NoC driver initialization e9014000.l2_noc
<6>[    3.127298] xgold-noc e9014000.l2_noc: 5 probe(s), 4 filter(s), 2 counter(s), error policy: print
<6>[    3.136040] xgold-noc e9014000.l2_noc: no QoS config list
<6>[    3.158599] xgold-noc e9018000.modem_noc: XGOLD NoC driver initialization e9018000.modem_noc
<6>[    3.168086] xgold-noc e9018000.modem_noc: 3 probe(s), 4 filter(s), 2 counter(s), error policy: print
<6>[    3.177205] xgold-noc e9018000.modem_noc: no QoS config list
<3>[    3.184958] xgold-noc e9018000.modem_noc: No NOC sniffer or NOC sniffer init failure
<5>[    3.202121] SCSI subsystem initialized
<6>[    3.208053] usbcore: registered new interface driver usbfs
<6>[    3.213561] usbcore: registered new interface driver hub
<6>[    3.219372] usbcore: registered new device driver usb
<6>[    3.226799] intel-i2c-pmic pmic_i2c.176: intel_i2c_pmic_probe
<4>[    3.235497] intel-i2c-pmic pmic_i2c.176: intel_i2c_pmic_probe: may apply changes to MCHGIRQ0 register
<6>[    3.246736] intel-i2c-pmic pmic_i2c.176: intel_i2c_pmic_probe: CHGRIRQ0 is 0x00
<4>[    3.253916] intel-i2c-pmic pmic_i2c.176: intel_i2c_pmic_probe: Warning! may apply changes to MIRQLVL1 register
<6>[    3.264571] intel-i2c-pmic pmic_i2c.176: intel_i2c_pmic_probe MIRQLVL1 is 0xFFFFFFC4
<3>[    3.277097] of_dma_request_slave_channel: dma-names property of node '/xgold/noc/l2_noc/ahb_per@1/i2c_3' missing or empty
<6>[    3.288124] I2C: Enterring xgold_i2c_core_probe
<3>[    3.298234] of_dma_request_slave_channel: dma-names property of node '/xgold/noc/l2_noc/ahb_per@1/i2c_4' missing or empty
<6>[    3.309159] I2C: Enterring xgold_i2c_core_probe
<3>[    3.318888] of_dma_request_slave_channel: dma-names property of node '/xgold/noc/l2_noc/ahb_per@1/i2c_2' missing or empty
<6>[    3.329895] I2C: Enterring xgold_i2c_core_probe
<3>[    3.342016] of_dma_request_slave_channel: dma-names property of node '/xgold/noc/l2_noc/ahb_per@1/i2c_5' missing or empty
<6>[    3.353003] I2C: Enterring xgold_i2c_core_probe
<6>[    3.369211] Linux video capture interface: v2.00
<6>[    3.377103] xg_ion heap cma-heap base:0x00000000 length:0x09000000 type 4 id 4
<6>[    3.384291] xg_ion heap protected-heap base:0x00000000 length:0x00000000 type 5 id 6
<6>[    3.393631] Advanced Linux Sound Architecture Driver Initialized.
<6>[    3.401549] nfc: nfc_init: NFC Core ver 0.1
<6>[    3.405721] NET: Registered protocol family 39
<6>[    3.412642] Switched to clocksource xgold_stm_clocksource
<4>[    3.592727] i2c-core: driver [lvds] using legacy suspend method
<4>[    3.598522] i2c-core: driver [lvds] using legacy resume method
<6>[    3.617577] NET: Registered protocol family 2
<6>[    3.624119] TCP established hash table entries: 8192 (order: 3, 32768 bytes)
<6>[    3.631194] TCP bind hash table entries: 8192 (order: 5, 163840 bytes)
<6>[    3.638090] TCP: Hash tables configured (established 8192 bind 8192)
<6>[    3.644583] TCP: reno registered
<6>[    3.647680] UDP hash table entries: 512 (order: 2, 24576 bytes)
<6>[    3.653758] UDP-Lite hash table entries: 512 (order: 2, 24576 bytes)
<6>[    3.660667] NET: Registered protocol family 1
<6>[    3.665953] Trying to unpack rootfs image as initramfs...
<6>[    3.838368] Freeing initrd memory: 1024K (80400000 - 80500000)
<6>[    3.879528] console [pstore-1] enabled
<6>[    3.883414] pstore: Registered ramoops as persistent store backend
<6>[    3.889486] ramoops: attached 0x219000@0x25789000, ecc: 0/0
<6>[    3.898514] futex hash table entries: 1024 (order: 4, 65536 bytes)
<5>[    3.904881] Initialise system trusted keyring
<6>[    3.909485] audit: initializing netlink subsys (disabled)
<5>[    3.915018] audit: type=2000 audit(3.599:1): initialized
<6>[    3.957603] fuse init (API version 7.22)
<6>[    3.963386] msgmni has been set to 1448
<7>[    3.967973] SELinux:  Registering netfilter hooks
<6>[    3.986430] alg: No test for stdrng (krng)
<5>[    3.990514] Key type asymmetric registered
<5>[    3.994644] Asymmetric key parser 'x509' registered
<6>[    3.999615] Block layer SCSI generic (bsg) driver version 0.4 loaded (major 251)
<6>[    4.007020] io scheduler noop registered
<6>[    4.011353] io scheduler cfq registered (default)
<6>[    4.028362] dcc[ ]: framebuffer pixelformat RGB888 - 4 bytes/pixel
<6>[    4.035336] dcc[ ]: Driver Version 1.5 compiled at today (now)
<6>[    4.041045] dcc[ ]: 	ON : display auto refresh
<6>[    4.045996] dcc[ ]: 	ON : use fences
<6>[    4.079771] dcc[ ]: MIPI-DSI @375142000 bps (100,6): 0x3018cc8c 0x1f608f19 0x2770a824 0x000001f5)
<6>[    4.321936] dcc[ ]: MIPI-DSI video:0x070c5a5a 0x03ff1500 0x00040808 0x08700001 0x08700000 0x0000147f 0x08700870)
<6>[    4.332228] dcc[ ]: Display device 720x1280 RGB888
<6>[    4.336918] dcc[ ]: HWID 0x4307 / DCC@416 MHz / 4MB RAM [0x26000000->0xa6000000]
<6>[    4.353121] dcc[I]: FB API registered 1 buffers map mem 3MB [0x26000000 -> a6000000]
<6>[    4.360753] dcc[ ]: Device driver loaded successfully [/dev/dcc]
<6>[    4.379916] mvpipe enumerate instance name at
<6>[    4.386796] mvpipe enumerate instance name at2
<6>[    4.392728] mvpipe enumerate instance name atc
<6>[    4.398426] mvpipe enumerate instance name at2c
<6>[    4.405092] mvpipe enumerate instance name at-dbg
<6>[    4.411199] mvpipe enumerate instance name echo
<6>[    4.416964] mvpipe enumerate instance name secmd
<6>[    4.422951] mvpipe enumerate instance name sedat0
<6>[    4.428877] mvpipe enumerate instance name oec_dat
<6>[    4.435029] mvpipe enumerate instance name vpu
<6>[    4.440710] mvpipe enumerate instance name vpu_ion
<6>[    4.446915] mvpipe enumerate instance name g1
<6>[    4.452647] mvpipe enumerate instance name h1
<6>[    4.458250] mvpipe enumerate instance name nonso
<6>[    4.464266] mvpipe enumerate instance name GTI
<6>[    4.470013] mvpipe enumerate instance name veth_ctrl
<5>[    4.477995] VOEMCRYPTO-FE: Initializing.
<3>[    4.482427] VNVM-BE: Error: open device /dev/block/platform/soc0/e0000000.noc/by-name/ImcPartID022 failed, retrying
<5>[    4.483280] VOEMCRYPTO-FE: Initialized.
<7>[    4.483288] vdump: init
<7>[    4.483657] vdump: Kernel vdump Thread create.
<7>[    4.484029] vdump: Kernel vdump Thread: vdump Thread
<7>[    4.484247] vdump: Kernel vdump Thread enter.
<7>[    4.484256] vdump: vdump_detect[/system/etc/vdump.conf]
<7>[    4.484354] vdump: Gadget fp=fffffffe open failed!
<6>[    4.484632] mveth: virtual Ethernet device driver 1.0.
<6>[    4.486030] mveth enumerate instance name veth0
<6>[    4.488494] mveth enumerate instance name veth1
<6>[    4.489695] virtual Ethernet device driver initialized
<5>[    4.492518] VSYSPROF-BE: Initialized.
<3>[    4.492912] TEE_RPC REGISTERED major : 232
<6>[    4.494540] IDI AG6x0 client init
<3>[    4.494655] Registering IDI driver
<6>[    4.501590] XGOLD USIF serial driver
<4>[    4.502914] serial-usif-xgold e1100000.usif1: missing usif reset controller
<6>[    4.503244] serial-usif-xgold e1100000.usif1: default 50ms fci poll
<6>[    4.503264] serial-usif-xgold e1100000.usif1: runtime_pm_enabled is disable
<6>[    4.503281] serial-usif-xgold e1100000.usif1: runtime_pm_debug is disable
<6>[    4.503299] serial-usif-xgold e1100000.usif1: rpm_suspend_delay set to 5000
<6>[    4.503316] serial-usif-xgold e1100000.usif1: auto_suspend_enable is disable
<6>[    4.504080] e1100000.usif1: ttyS0 at MMIO 0xe1100000 (irq = 65, base_baud = 6500000) is a XGOLD_USIF
<6>[    4.584852] console [ttyS0] enabled
<6>[    4.591830] bootconsole [earlyxgold0] disabled
<4>[    4.602225] serial-usif-xgold e1200000.usif4-gnss: missing usif reset controller
<6>[    4.609860] serial-usif-xgold e1200000.usif4-gnss: 15ms fci poll
<6>[    4.616205] serial-usif-xgold e1200000.usif4-gnss: runtime_pm_enabled is enable
<6>[    4.623625] serial-usif-xgold e1200000.usif4-gnss: runtime_pm_debug is disable
<6>[    4.630938] serial-usif-xgold e1200000.usif4-gnss: rpm_suspend_delay set to 15
<6>[    4.638282] serial-usif-xgold e1200000.usif4-gnss: auto_suspend_enable is enable
<6>[    4.646439] e1200000.usif4-gnss: ttyS1 at MMIO 0xe1200000 (irq = 76, base_baud = 6500000) is a XGOLD_USIF
<6>[    4.657944] serial-usif-xgold e1900000.usif3-bt-fmr: intel,ictmo-cfg 4 params
<4>[    4.665399] serial-usif-xgold e1900000.usif3-bt-fmr: missing usif reset controller
<6>[    4.673171] serial-usif-xgold e1900000.usif3-bt-fmr: 300ms fci poll
<6>[    4.679336] serial-usif-xgold e1900000.usif3-bt-fmr: runtime_pm_enabled is enable
<6>[    4.687175] serial-usif-xgold e1900000.usif3-bt-fmr: runtime_pm_debug is disable
<6>[    4.694592] serial-usif-xgold e1900000.usif3-bt-fmr: rpm_suspend_delay set to 300
<6>[    4.702435] serial-usif-xgold e1900000.usif3-bt-fmr: auto_suspend_enable is enable
<4>[    4.710072] serial-usif-xgold e1900000.usif3-bt-fmr: Data path property set to DMA
<6>[    4.718298] e1900000.usif3-bt-fmr: ttyS2 at MMIO 0xe1900000 (irq = 85, base_baud = 6500000) is a XGOLD_USIF
<6>[    4.732210] tadi_driver_probe: trace port:[mem 0x80000000-0x80ffffff] - ioremap:b1900000
<6>[    4.740347] tadi_driver_probe: Register tdcons console
<6>[    4.747078] mali eb300000.gpu: Continuing without Mali clock control
<6>[    4.755524] Mali Midgard Platform: Initialized
<6>[    4.760407] mali eb300000.gpu: GPU identified as 0x0720 r1p0 status 0
<6>[    4.768946] mali eb300000.gpu: Probed as mali0
<6>[    4.784526] brd: module loaded
<6>[    4.801529] loop: module loaded
<6>[    4.806022] zram: Created 1 device(s) ...
<6>[    4.812049] wakeup-host irq found success
<3>[    4.817696] intel_lpm_bluetooth_probe: succeded to request gpio
<3>[    4.823882] intel_lpm_bluetooth_probe: succeded to request direction gpio
<6>[    4.832400] vpu-enc 0.vpu_enc: probing vvpu
<6>[    4.836941] vpu-enc 0.vpu_enc: D3 state handle: disable
<6>[    4.842343] vpu-enc 0.vpu_enc: D0 state handle: high_perf
<6>[    4.848161] hx280dbg registered device and pm ops
<6>[    4.853032] vpu-enc 0.vpu_enc: vvpu probe OK (0)
<6>[    4.858176] hx280enc: registered platform driver
<6>[    4.863822] vpu-dec 0.vpu_dec: probing vvpu
<6>[    4.868395] vpu-dec 0.vpu_dec: D3 state handle: disable
<6>[    4.873811] vpu-dec 0.vpu_dec: D0 state handle: high_perf
<6>[    4.879736] hx170dbg registered device and pm ops
<6>[    4.884584] vpu-dec 0.vpu_dec: vvpu probe OK (0)
<6>[    4.889857] hx170dec: registered platform driver
<6>[    4.895186] vvpu vvpu.155: probing ...
<6>[    4.899154] vvpu vvpu.155: init unit VPU/mvpipe/0x00000000
<6>[    4.905088] vvpu vvpu.155: VPU open postponed
<6>[    4.909554] vvpu dbg unit: created node VPU
<6>[    4.913721] vvpu vvpu.155: init unit G1 Decoder/mvpipe/0x01000000
<6>[    4.920513] vvpu vvpu.155: G1 Decoder open postponed
<6>[    4.925522] vvpu dbg unit: created node G1 Decoder
<6>[    4.930399] vvpu vvpu.155: init unit H1 Encoder/mvpipe/0x02000000
<6>[    4.936755] vvpu vvpu.155: H1 Encoder open postponed
<6>[    4.942124] vvpu dbg unit: created node H1 Encoder
<6>[    4.946760] vvpu vvpu.155: init unit auxiliary module/mvpipe/0x03000000
<6>[    4.954015] vvpu vvpu.155: auxiliary module open postponed
<6>[    4.959538] vvpu dbg unit: created node auxiliary module
<6>[    4.965056] vvpu vvpu.155: successfully initialized 4 of 4 mvpipes
<6>[    4.972346] vvpu vvpu.155: probing succesful
<6>[    4.976931] vvpu: registered platform driver
<6>[    4.981273] xgold Vibrator init
<6>[    4.985603] pmic Vibrator init
<6>[    4.989421] pmic6832_vibra_probe: entry.
<3>[    4.993700] vibra-pmic vibrator.184: Vibrator driver probed
<6>[    5.002847] tun: Universal TUN/TAP device driver, 1.6
<6>[    5.007797] tun: (C) 1999-2004 Max Krasnyansky <maxk@qualcomm.com>
<6>[    5.014628] PPP generic driver version 2.4.2
<6>[    5.019151] PPP BSD Compression module registered
<6>[    5.023904] PPP Deflate Compression module registered
<6>[    5.029092] PPP MPPE Compression module registered
<6>[    5.033913] NET: Registered protocol family 24
<6>[    5.038497] usbcore: registered new interface driver asix
<6>[    5.044282] usbcore: registered new interface driver ax88179_178a
<7>[    5.278932] [intel_phy_otg_set_peripheral] request gadget bind
<7>[    5.279031] [intel_phy_event_wq] 1000
<7>[    5.283842] [intel_phy_otg_set_host] request host bind
<7>[    5.283950] [intel_phy_event_wq] 1000
<6>[    5.284303] usbcore: registered new interface driver usb-storage
<6>[    5.290518] usbcore: registered new interface driver usb_ehset_test
<6>[    5.298272] mousedev: PS/2 mouse device common for all mice
<6>[    5.305851] xgold_keypad_init
<3>[    5.309812] pinctrl-single e4800000.pinmux: bad data for mux kp_default_pins
<3>[    5.316973] pinctrl-single e4800000.pinmux: no pins entries for kp_default_pins
<3>[    5.325167] pinctrl-single e4800000.pinmux: bad data for mux kp_default_pins
<3>[    5.332414] pinctrl-single e4800000.pinmux: no pins entries for kp_default_pins
<6>[    5.340791] input: kpd-xgold as /devices/soc0/e0000000.noc/uspc_noc.164/e4000000.ahb_per/e4200000.keypad/input/input0
<6>[    5.352410] kpd-xgold e4200000.keypad: keypad probed
<6>[    5.361249] input: xgold-on-button as /devices/soc0/dev.166/on_button.167/input/input1
<6>[    5.376334] gt9xx_ts 3-0014: probing GT911 @ 0x14
<6>[    5.517180] gt9xx_ts 3-0014: Config settings sent sucessfully
<6>[    5.535787] gt9xx_ts 3-0014: version: 9157_1040
<6>[    5.548691] gt9xx_ts 3-0014: max_x = 720, max_y = 1280, irq_type = 0x01
<6>[    5.556266] input: goodix_ts as /devices/soc0/e0000000.noc/e9014000.l2_noc/e1000000.ahb_per/e1500000.i2c_3/i2c-3/3-0014/input/input2
<4>[    5.570127] i2c-core: driver [vtl_ts] using legacy suspend method
<4>[    5.576189] i2c-core: driver [vtl_ts] using legacy resume method
<6>[    5.582576] apds990x: apds sysfs driver init
<6>[    5.588339] l3gd20_gyr: gyroscope sysfs driver init
<6>[    5.593586] lsm303dlhc_acc accelerometer driver init
<6>[    5.598892] lsm303dlhc_mag magnetometer driver init
<6>[    5.604030] ecompass driver: init
<6>[    5.607915] input: ecompass_data as /devices/virtual/input/input3
<6>[    5.617744] xgold_rtc rtc-async.143: rtc accesses are asynchronous
<6>[    5.624756] xgold_rtc rtc-async.143: map rtc alarm irq index 259
<6>[    5.632071] xgold_rtc rtc-async.143: map rtc service completion irq index 260
<6>[    5.639257] xgold_rtc rtc-async.143: map irq index 260
<6>[    5.649606] xgold_rtc rtc-async.143: rtc core: registered rtc-async.143 as rtc0
<6>[    5.657067] rtc: RTC virtualized driver probed
<6>[    5.662283] i2c /dev entries driver
<3>[    5.669996] Error: Driver 'gc0310' is already registered, aborting...
<6>[    5.677487] ov2685 2-0010: probing...
<4>[    5.681206] ov2685.pltfrm_camera_module_get_data WARN: cannot not get flash-driver property of node camera-module
<6>[    5.767446] ov2685.ov2685_check_camera_id: successfully detected camera ID 0x2685
<6>[    5.776873] ov2685 2-0010: probing successful
<6>[    5.781764] wv511 2-000c: probing...
<6>[    5.785504] wv511 2-000c: probing successful
<6>[    5.791035] OV8858 2-0036: probing...
<6>[    5.794630] OV8858.pltfrm_camera_module_get_data: camera module flash driver is FP6773C
<6>[    5.803316] OV8858.pltfrm_camera_module_get_data: camera module has auto focus controller wv511
<6>[    5.839787] Switched to clocksource tsc
<6>[    5.863659] OV8858 2-0036: get otp data for r2a...
<7>[    6.488713] vdump: Gadget fp=fffffffe open failed!
<6>[    7.159333] OV8858 2-0036: probing successful
<6>[    7.164624] FMR: Intel FM Radio driver version : 1.00
<6>[    7.170061] FMR: driver initialised successfully
<6>[    7.177324] pmic_brown_out pmic_brown_out.169: VWARN1 target is set to 3400mv
<6>[    7.186880] pmic_brown_out pmic_brown_out.169: VWARN2 target is set to 3200mv
<6>[    7.196307] pmic_brown_out pmic_brown_out.169: VCRIT target is set to 3100mv
<6>[    7.205766] pmic_brown_out pmic_brown_out.169: VSYSOFF target is set to 2900mv
<6>[    7.278848] spcu_thermal e4d00000.spcu_thermal0: Thermal zone device registered, type=coretemp0
<6>[    7.289742] spcu_thermal e4d00000.spcu_thermal1: Thermal zone device registered, type=coretemp1
<6>[    7.299887] spcu_thermal e4d00000.spcu_thermal2: Thermal zone device registered, type=coretemp2
<6>[    7.309966] spcu_thermal e4d00000.spcu_thermal3: Thermal zone device registered, type=coretemp3
<6>[    7.320042] spcu_thermal e4d00000.spcu_thermal4: Thermal zone device registered, type=LTE
<6>[    7.329390] spcu_thermal e4d00000.spcu_thermal6: Thermal zone device registered, type=GPU
<6>[    7.339458] device-mapper: uevent: version 1.0.3
<6>[    7.344865] device-mapper: ioctl: 4.27.0-ioctl (2013-10-30) initialised: dm-devel@redhat.com
<6>[    7.358654] xgold_cpufreq_probe:platform_get_irq_byname(CPU_CLK_CHANGE) (virq:300)
<6>[    7.367839] sdhci: Secure Digital Host Controller Interface driver
<6>[    7.374028] sdhci: Copyright(c) Pierre Ossman
<6>[    7.378251] sdhci-pltfm: SDHCI platform and OF driver helper
<6>[    7.385023] xgold-sdhci e1d00000.emmc: sdhci: io: linux-@:b2b80000
<6>[    7.391719] sdhci: e1d00000.emmc, rpm = 0
<6>[    7.396654] mmc0: no vqmmc regulator found
<6>[    7.401838] mmc0: no vmmc regulator found
<6>[    7.449278] mmc0: SDHCI controller on e1d00000.emmc [e1d00000.emmc] using ADMA
<6>[    7.457430] xgold-sdhci e1400000.sdmmc: sdhci: io: linux-@:b2e80000
<6>[    7.468566] sdhci: e1400000.sdmmc, rpm = 0
<6>[    7.587071] mmc0: BKOPS_EN bit is not set
<6>[    7.606266] mmc0: new high speed DDR MMC card at address 0001
<6>[    7.612896] mmc0: calculated max. discard sectors 16384 for timeout 2581 ms
<6>[    7.620183] mmcblk0: mmc0:0001 P1J95K 7.04 GiB 
<6>[    7.624815] mmc0: calculated max. discard sectors 16384 for timeout 2581 ms
<6>[    7.632647] mmcblk0boot0: mmc0:0001 P1J95K partition 1 2.00 MiB
<6>[    7.638651] mmc0: calculated max. discard sectors 16384 for timeout 2581 ms
<6>[    7.645812] mmcblk0boot1: mmc0:0001 P1J95K partition 2 2.00 MiB
<6>[    7.652012] mmc0: calculated max. discard sectors 16384 for timeout 2581 ms
<6>[    7.659317] mmcblk0gp0: mmc0:0001 P1J95K partition 4 256 MiB
<6>[    7.665163] mmc0: calculated max. discard sectors 16384 for timeout 2581 ms
<6>[    7.672360] mmcblk0rpmb: mmc0:0001 P1J95K partition 3 2.00 MiB
<6>[    7.685647]  mmcblk0: p1 p2 p3 p4 p5 p6 p7
<6>[    7.692712] rpmb_rpc: rpmb partition created
<3>[    7.696999] [sec_rpc] rpc_call: Found entry ID: 0
<3>[    7.701704] [sec_rpc] rpc_call: Shared memory block size: 4046
<3>[    7.707822] [sec_rpc] rpc_handle_cmd: Release caller sem for RPC context ID#1
<6>[    7.722068]  mmcblk0gp0: p1 p2 p3 p4 p5 p6 p7
<6>[    7.730797]  mmcblk0boot1: unknown partition table
<6>[    7.737604]  mmcblk0boot0: unknown partition table
<6>[    7.976752] mmc1: no vmmc regulator found
<6>[    8.029453] mmc1: SDHCI controller on e1400000.sdmmc [e1400000.sdmmc] using ADMA
<6>[    8.037573] xgold-sdhci e1700000.sdio: sdhci: io: linux-@:b3180000
<6>[    8.044649] sdhci: e1700000.sdio, rpm = 1
<6>[    8.049690] mmc2: no vqmmc regulator found
<6>[    8.099320] mmc2: SDHCI controller on e1700000.sdio [e1700000.sdio] using ADMA
<6>[    8.110945] leds-pmic pmic-backlight.182: PMIC backlight driver probed
<4>[    8.122164] i2c-core: driver [lp8557] using legacy resume method
<6>[    8.129935] leds-pmic-keypad pmic-key-backlight.185: PMIC keypad backlight driver probed
<6>[    8.142489] usbcore: registered new interface driver usbhid
<6>[    8.147945] usbhid: USB HID core driver
<6>[    8.152885] ashmem: initialized
<6>[    8.159927] pmic_meas: meas_pmic_probe MADCIRQ =0x0000007f
<6>[    8.168360] pmic_meas: meas_pmic_probe irq_num =284
<6>[    8.174017] pmic_meas: meas_pmic_probe irq_num =285
<6>[    8.179545] pmic_meas: meas_pmic_probe irq_num =286
<6>[    8.184966] pmic_meas: meas_pmic_probe irq_num =287
<6>[    8.190429] pmic_meas: meas_pmic_probe irq_num =288
<6>[    8.196482] pmic_meas: meas_pmic_probe irq_num =289
<6>[    8.203395] pmic_meas: meas_pmic_probe PMIC CHIP ID = B1
<6>[    8.210413] pmic_meas: meas_pmic_probe OTP version=12
<6>[    8.329220] sdhci: Timeout waiting for Buffer Read Ready interrupt during tuning procedure, falling back to fixed sampling clock
<6>[    8.340679] sdhci: Arasan workaround: back to autotuning
<4>[    8.351133] mmc2: queuing unknown CIS tuple 0x91 (2 bytes)
<6>[    8.358780] mmc2: new ultra high speed SDR104 SDIO card at address 0001
<3>[    8.409532] xgold-sdhci e1700000.sdio: set pm state D0i2 during runtime suspend failed !
<7>[    8.499482] vdump: Gadget fp=fffffffe open failed!
<3>[    8.499898] pmic_meas: meas_pmic_read_vbat_cal_data Cref2=25000 Cadc2=2003 Cref1=36000 Cadc1=2885
<6>[    8.508993] pmic_meas: VBAT GEC = 1021
<6>[    8.513054] pmic_meas: VBAT OEC = 450
<6>[    8.516585] intel_adc: Registering PMIC MEAS HAL, 12 channels available.
<6>[    8.523408] intel_adc: 	chan=0, id=0
<6>[    8.526854] intel_adc: 	chan=1, id=1
<6>[    8.530470] intel_adc: 	chan=2, id=2
<6>[    8.533984] intel_adc: 	chan=3, id=8
<6>[    8.537605] intel_adc: 	chan=4, id=21
<6>[    8.541263] intel_adc: 	chan=5, id=12
<6>[    8.544850] intel_adc: 	chan=6, id=24
<6>[    8.548497] intel_adc: 	chan=7, id=17
<6>[    8.552263] intel_adc: 	chan=8, id=18
<6>[    8.555807] intel_adc: 	chan=9, id=19
<6>[    8.559515] intel_adc: 	chan=10, id=25
<6>[    8.563197] intel_adc: 	chan=11, id=23
<6>[    8.566927] intel_adc: All HALs were registered, probing the abstraction layer...
<3>[    8.574643] pmic_meas meas_pmic.172: Probing the ADC
<6>[    8.580038] pmic_meas: meas_pmic_probe stm0_addr=0xaf9c6020
<6>[    8.585605] pmic_meas: meas_pmic_probe ioapic_addr=0xaf9ce890
<6>[    8.591307] pmic_meas: meas_pmic_probe scu_eint_addr=0xaf9d6080
<6>[    8.597138] pmic_meas: meas_pmic_probe probe OK
<3>[    8.603031] intel_adc_sensors: platform_name = pmic
<6>[    8.618498] oct2_drv e4b40000.oct: oct resource: [mem 0xe4b40000-0xe4b5ffff] - ioremap: b07c0000
<6>[    8.628195] usbcore: registered new interface driver snd-usb-audio
<3>[    8.636114] could not get default pinstate
<3>[    8.640161] could not get sleep pinstate
<3>[    8.643987] could not get inactive pinstate
<6>[    8.649517] dsp_audio_drv_probe: ioremap for [mem 0xe3304000-0xe3305fff] returned b060c000
<6>[    8.657838] dsp_audio_drv_probe: ioremap for [mem 0xe3306000-0xe3307fff] returned b061c000
<4>[    8.666294] e3304000.dspaud_fb supply dsp not found, using dummy regulator
<6>[    8.673493] dsp_id: XGOLD_DSP_XG742_FBA
<6>[    8.677420] dsp_clock_init set state return 0
<6>[    8.683718] DSP initialization done 0
<6>[    8.687721] dsp_audio_drv_probe: ioremap for [mem 0xe3300000-0xe3301fff] returned b0644000
<6>[    8.696040] dsp_audio_drv_probe: ioremap for [mem 0xe3302000-0xe3303fff] returned b0648000
<4>[    8.704789] e3300000.dspaud_sb supply dsp not found, using dummy regulator
<6>[    8.711861] dsp_id: XGOLD_DSP_XG742_SBA
<6>[    8.715756] dsp_clock_init set state return 0
<6>[    8.723556] DSP initialization done 0
<3>[    8.728999] XGOLD_MACHINE sound.201: ASoC: CPU DAI (null) not registered
<3>[    8.736003] snd: mac: xgold_mc_probe: unable to register sound card err -517
<6>[    8.743023] platform sound.201: Driver XGOLD_MACHINE requests probe deferral
<3>[    8.751777] snd: voice: xgold_voice_probe :
<6>[    8.756807] oprofile: using NMI interrupt.
<6>[    8.761080] u32 classifier
<6>[    8.763652]     Actions configured
<6>[    8.767192] Netfilter messages via NETLINK v0.30.
<6>[    8.772044] nf_conntrack version 0.5.0 (11585 buckets, 46340 max)
<6>[    8.778961] ctnetlink v0.93: registering with nfnetlink.
<6>[    8.784873] xt_time: kernel timezone is -0000
<5>[    8.789285] ip_set: protocol 6
<6>[    8.792708] ip_tables: (C) 2000-2006 Netfilter Core Team
<6>[    8.798170] arp_tables: (C) 2002 David S. Miller
<6>[    8.802949] TCP: cubic registered
<6>[    8.806130] Initializing XFRM netlink socket
<6>[    8.811759] NET: Registered protocol family 10
<6>[    8.818339] mip6: Mobile IPv6
<6>[    8.821436] ip6_tables: (C) 2000-2006 Netfilter Core Team
<6>[    8.827056] sit: IPv6 over IPv4 tunneling driver
<6>[    8.832894] NET: Registered protocol family 17
<6>[    8.837287] NET: Registered protocol family 15
<6>[    8.841899] l2tp_core: L2TP core driver, V2.0
<6>[    8.846204] l2tp_ppp: PPPoL2TP kernel driver, V2.0
<4>[    8.868651] thermal thermal_zone6: failed to read out thermal zone 6
<6>[    8.896311] pmic_swfg_hal: pmic_swfg_hal_init: was executed
<6>[    8.903384] pmic_swfg_hal fuel_gauge_hal.174: pmic_swfg_hal_probe: was executed
<6>[    8.916668] pmic_swfg_hal: Battery not removed over power cycle, codsrc=0x4
<6>[    8.929540] pmic_swfg_hal fuel_gauge_hal.174: pmic_swfg_hal_probe OK
<6>[    8.946428] pmic_bat_drv: BATID is fitted
<6>[    8.956817] pmic_bat_drv: bat_drv_probe OK
<6>[    8.962663] Using IPI No-Shortcut mode
<5>[    8.967396] Loading compiled-in X.509 certificates
<5>[    8.993903] Loaded X.509 cert 'Magrathea: Glacier signing key: 2ab18e4c6f548eb53e22f5a44911862eb3268565'
<6>[    9.003641] registered taskstats version 1
<6>[    9.010645] bio: create slab <bio-1> at 1
<6>[    9.016879] Btrfs loaded
<6>[    9.019899] wlan_ldo: disabling
<6>[    9.022923] regulator-dummy: disabling
<3>[    9.031868] afe_reg_write : PLLA_STATUS_REG Register not writable
<3>[    9.057035] afe_reg_write : I2S_WRADDR_REG Register not writableafe_reg_write : I2S_RDADDR_REG Register not writable
<3>[    9.085280] afe_reg_write : I2S_TXCLL_LOW_REG Register not writableafe_reg_write : I2S_TXCLL_HIGH_REG Register not writable
<3>[    9.096427] afe_reg_write : I2S_TXCHL_LOW_REG Register not writableafe_reg_write : I2S_TXCHL_HIGH_REG Register not writable
<3>[    9.107430] afe_reg_write : I2S_RXCLL_LOW_REG Register not writableafe_reg_write : I2S_RXCLL_HIGH_REG Register not writable
<3>[    9.118682] afe_reg_write : I2S_RXCHL_LOW_REG Register not writableafe_reg_write : I2S_RXCHL_HIGH_REG Register not writable
<4>[    9.135421] snd-soc-dummy snd-soc-dummy: ASoC: Failed to create platform debugfs directory
<3>[    9.143878] control 2:0:0:DSP Audio send cmd:0 is already present
<3>[    9.150109] Speech Probe speech_probe.162: ASoC: Failed to add DSP Audio send cmd: -16
<6>[    9.161899] XGOLD_MACHINE sound.201: snd-soc-dummy-dai <-> pcm_music.163 mapping ok
<6>[    9.169845] XGOLD_MACHINE sound.201: pmic_afe_i2s <-> pcm_voice.161 mapping ok
<6>[    9.180193] XGOLD_MACHINE sound.201: snd-soc-dummy-dai <-> pcm_music.163 mapping ok
<6>[    9.190187] XGOLD_MACHINE sound.201: snd-soc-dummy-dai <-> pcm_music.163 mapping ok
<6>[    9.198007] XGOLD_MACHINE sound.201: snd-soc-dummy-dai <-> XGOLD_SPEECH_PROBE_A mapping ok
<6>[    9.206531] XGOLD_MACHINE sound.201: snd-soc-dummy-dai <-> XGOLD_SPEECH_PROBE_A mapping ok
<6>[    9.215072] XGOLD_MACHINE sound.201: snd-soc-dummy-dai <-> XGOLD_SPEECH_PROBE_A mapping ok
<6>[    9.226816] XGOLD_MACHINE sound.201: snd-soc-dummy-dai <-> pcm_music.163 mapping ok
<6>[    9.238954] input: xgold_afe-audio Headset as /devices/sound.201/sound/card0/input4
<3>[    9.250136] snd: jack: of_xgold_jack_probe: Warning! may apply changes to MIRQMULT register
<3>[    9.259016] snd: jack: of_xgold_jack_probe MIRQLVL1 is 0x18
<6>[    9.266379] file system registered
<6>[    9.271684] Number of LUNs=8
<6>[    9.274495] Mass Storage Function, version: 2009/09/11
<6>[    9.279748] LUN: removable file: (no medium)
<6>[    9.284439] android_usb gadget: android_usb ready
<6>[    9.291539] input: gpio_keys.204 as /devices/gpio_keys.204/input/input5
<6>[    9.300885] xgold_rtc rtc-async.143: setting system clock to 2000-01-01 00:36:29 UTC (946686989)
<6>[    9.310731] CIF ISP2.0 xgold_v4l2_drv_probe: probing...
<6>[    9.316320] CIF ISP2.0 cif_isp20_img_srcs_init: device OV8858 attached to CIF CSI-0
<6>[    9.323983] CIF ISP2.0 cif_isp20_img_srcs_init: device ov2685 attached to CIF CSI-1
<6>[    9.332250] CIF ISP2.0 cif_isp20_v4l2_register_video_device: video device video0.0 (CIF ISP20 SP) successfully registered
<6>[    9.344045] CIF ISP2.0 cif_isp20_v4l2_register_video_device: video device video2.2 (CIF ISP20 MP) successfully registered
<6>[    9.355384] CIF ISP2.0 cif_isp20_v4l2_register_video_device: video device video3.3 (CIF ISP20 DMA) successfully registered
<6>[    9.376684] pmic_usb_det pmic_usb_det.177: VBUS connected
<6>[    9.384967] pmic_usb_det pmic_usb_det.177: USBID floating
<6>[    9.396982] ALSA device list:
<6>[    9.399930]   #0: xgold_afe-audio
<6>[    9.407872] Freeing unused kernel memory: 584K (81443000 - 814d5000)
<6>[    9.415794] Write protecting the kernel text: 8168k
<6>[    9.421971] Write protecting the kernel read-only data: 3532k
<6>[    9.427706] NX-protecting the kernel data: 6168k
<7>[    9.450315] SELinux: 2048 avtab hash slots, 5957 rules.
<7>[    9.454724] SELinux: 2048 avtab hash slots, 5957 rules.
<7>[    9.454782] SELinux:  1 users, 2 roles, 483 types, 0 bools, 1 sens, 1024 cats
<7>[    9.454806] SELinux:  86 classes, 5957 rules
<7>[    9.457639] SELinux:  Completing initialization.
<7>[    9.457656] SELinux:  Setting up existing superblocks.
<7>[    9.457689] SELinux: initialized (dev tmpfs, type tmpfs), uses transition SIDs
<7>[    9.457738] SELinux: initialized (dev rootfs, type rootfs), uses genfs_contexts
<7>[    9.457898] SELinux: initialized (dev bdev, type bdev), not configured for labeling
<7>[    9.457932] SELinux: initialized (dev proc, type proc), uses genfs_contexts
<7>[    9.457983] SELinux: initialized (dev debugfs, type debugfs), uses genfs_contexts
<7>[    9.479840] SELinux: initialized (dev sockfs, type sockfs), uses task SIDs
<7>[    9.479882] SELinux: initialized (dev pipefs, type pipefs), uses task SIDs
<7>[    9.479908] SELinux: initialized (dev anon_inodefs, type anon_inodefs), not configured for labeling
<7>[    9.479931] SELinux: initialized (dev aio, type aio), not configured for labeling
<7>[    9.479956] SELinux: initialized (dev devpts, type devpts), uses transition SIDs
<7>[    9.480004] SELinux: initialized (dev mqueue, type mqueue), uses transition SIDs
<7>[    9.480044] SELinux: initialized (dev selinuxfs, type selinuxfs), uses genfs_contexts
<7>[    9.480191] SELinux: initialized (dev configfs, type configfs), uses genfs_contexts
<7>[    9.480221] SELinux: initialized (dev tmpfs, type tmpfs), uses transition SIDs
<7>[    9.480301] SELinux: initialized (dev sysfs, type sysfs), uses genfs_contexts
<6>[    9.495222] pmic_usb_det pmic_usb_det.177: USB cable type - SDP
<7>[    9.503029] [intel_phy_event_wq] 1100
<7>[    9.503059] [intel_phy_event_wq] 1100
<6>[    9.503082] [intel_usb3_otg_fsm_start_gadget] gadget on
<4>[    9.508300] [intel_usb3_hw_powerup] already powered
<6>[    9.513299] dwc3 e2d00000.usb_core: vbus_session active
<5>[    9.541976] audit: type=1403 audit(946686989.730:2): policy loaded auid=4294967295 ses=4294967295
<11>[    9.756564] init: /init.slti20mr6.rc: 595: ignored duplicate definition of service 'ipcsd'
<7>[    9.768922] SELinux: initialized (dev binfmt_misc, type binfmt_misc), uses genfs_contexts
<7>[   10.510018] vdump: Gadget fp=fffffffe open failed!
<11>[   10.544977] init: /dev/hw_random not found
<6>[   10.549252] keychord: using input dev kpd-xgold for fevent
<6>[   10.555308] keychord: using input dev xgold-on-button for fevent
<6>[   10.561381] keychord: using input dev xgold_afe-audio Headset for fevent
<6>[   10.568001] keychord: using input dev gpio_keys.204 for fevent
<7>[   10.580467] SELinux: initialized (dev cgroup, type cgroup), uses genfs_contexts
<7>[   10.581246] SELinux: initialized (dev tmpfs, type tmpfs), uses transition SIDs
<7>[   10.582051] SELinux: initialized (dev cgroup, type cgroup), uses genfs_contexts
<7>[   10.586041] SELinux: initialized (dev tmpfs, type tmpfs), uses transition SIDs
<7>[   10.586493] SELinux: initialized (dev tmpfs, type tmpfs), uses transition SIDs
<7>[   10.590003] SELinux: initialized (dev cgroup, type cgroup), uses genfs_contexts
<7>[   10.593089] SELinux: initialized (dev pstore, type pstore), uses genfs_contexts
<11>[   10.597758] init: /dev/hw_random not found
<6>[   10.629228] bio: create slab <bio-2> at 2
<6>[   10.658506] EXT4-fs (dm-0): mounted filesystem with ordered data mode. Opts: (null)
<7>[   10.666221] SELinux: initialized (dev dm-0, type ext4), uses xattr
<14>[   10.666437] fs_mgr: __mount(source=/dev/block/dm-0,target=/system,type=ext4)=0
<4>[   10.674879] EXT4-fs (mmcblk0p6): Ignoring removed nomblk_io_submit option
<6>[   10.723750] EXT4-fs (mmcblk0p6): 2 orphan inodes deleted
<6>[   10.729069] EXT4-fs (mmcblk0p6): recovery complete
<6>[   10.762561] EXT4-fs (mmcblk0p6): mounted filesystem with ordered data mode. Opts: nomblk_io_submit,errors=remount-ro
<7>[   10.773152] SELinux: initialized (dev mmcblk0p6, type ext4), uses xattr
<14>[   10.773336] fs_mgr: check_fs(): mount(/dev/block/by-name/ImcPartID069,/data,ext4)=0
<14>[   10.844193] fs_mgr: Running /system/bin/e2fsck on /dev/block/by-name/ImcPartID069
<14>[   11.161138] e2fsck: e2fsck 1.42.9 (28-Dec-2013)
<14>[   11.165665] e2fsck: /dev/block/by-name/ImcPartID069: clean, 1163/279440 files, 89421/1115648 blocks
<6>[   11.188701] EXT4-fs (mmcblk0p6): mounted filesystem with ordered data mode. Opts: errors=panic
<7>[   11.197502] SELinux: initialized (dev mmcblk0p6, type ext4), uses xattr
<14>[   11.197663] fs_mgr: __mount(source=/dev/block/by-name/ImcPartID069,target=/data,type=ext4)=0
<4>[   11.207467] EXT4-fs (mmcblk0p4): Ignoring removed nomblk_io_submit option
<6>[   11.225546] EXT4-fs (mmcblk0p4): mounted filesystem with ordered data mode. Opts: nomblk_io_submit,errors=remount-ro
<7>[   11.236325] SELinux: initialized (dev mmcblk0p4, type ext4), uses xattr
<14>[   11.236464] fs_mgr: check_fs(): mount(/dev/block/by-name/ImcPartID070,/cache,ext4)=0
<14>[   11.296737] fs_mgr: Running /system/bin/e2fsck on /dev/block/by-name/ImcPartID070
<14>[   11.329405] e2fsck: e2fsck 1.42.9 (28-Dec-2013)
<14>[   11.334459] e2fsck: /dev/block/by-name/ImcPartID070: clean, 15/6400 files, 1443/25600 blocks
<6>[   11.356180] EXT4-fs (mmcblk0p4): mounted filesystem with ordered data mode. Opts: errors=panic
<7>[   11.364894] SELinux: initialized (dev mmcblk0p4, type ext4), uses xattr
<14>[   11.365042] fs_mgr: __mount(source=/dev/block/by-name/ImcPartID070,target=/cache,type=ext4)=0
<7>[   11.376246] SELinux: initialized (dev functionfs, type functionfs), uses genfs_contexts
<5>[   11.391626] random: nonblocking pool is initialized
<6>[   11.621723] Adding 196604k swap on /dev/block/zram0.  Priority:-1 extents:1 across:196604k SS
<11>[   11.742961]  HAL: libhal_log_set_level: log level set to 3
<7>[   11.774349] SELinux: initialized (dev fuse, type fuse), uses genfs_contexts
<7>[   11.790832] SELinux: initialized (dev fuse, type fuse), uses genfs_contexts
<7>[   11.810660] SELinux: initialized (dev fuse, type fuse), uses genfs_contexts
<7>[   11.820621] SELinux: initialized (dev fuse, type fuse), uses genfs_contexts
<4>[   12.058924] sx9500 5-0028: gpio get reset pin failed
<7>[   12.530356] vdump: vdump_get_config
<7>[   12.530507] vdump: fp_cfg:fffffffe
<7>[   12.530520] vdump: vdump config not exist
<7>[   12.530529] vdump: Kernel vdump Thread running.
<3>[   12.564632] kxcjk1013 5-000e: acpi gpio get index failed
<4>[   12.655558] pn544_nfc: module is from the staging directory, the quality is unknown, you have been warned.
<6>[   12.667620] Set pn54x pinctrl to default state
<6>[   12.895197] Loading modules backported from iwlwifi
<6>[   12.899975] iwlwifi-stack-public-modrename:release/LinuxCore12:1940:bae2531a
<6>[   14.112799] iwl_cfg80211: Calling CRDA to update world regulatory domain
<6>[   14.591416] VNVM-BE: opened device /dev/block/platform/soc0/e0000000.noc/by-name/ImcPartID022 size 1572864 bytes
<6>[   15.155579] Intel(R) Wireless WiFi driver for Linux
<6>[   15.160497] Copyright(c) 2003- 2015 Intel Corporation
<6>[   15.392024] sdhci: Timeout waiting for Buffer Read Ready interrupt during tuning procedure, falling back to fixed sampling clock
<6>[   15.403516] sdhci: Arasan workaround: back to autotuning
<6>[   15.462559] iwlwifi_sdio mmc2:0001:1: Device HW revision 0x204
<6>[   15.484775] iwlwifi_sdio mmc2:0001:1: SDIO probing completed successfully
<4>[   15.492516] iwlwifi_sdio mmc2:0001:1: Direct firmware load failed with error -2
<4>[   15.499717] iwlwifi_sdio mmc2:0001:1: Falling back to user helper
<3>[   15.531410] xgold-sdhci e1700000.sdio: set pm state D0i2 during runtime suspend failed !
<4>[   15.694117] iwlwifi_sdio mmc2:0001:1: Direct firmware load failed with error -2
<4>[   15.701670] iwlwifi_sdio mmc2:0001:1: Falling back to user helper
<6>[   15.720031] iwlwifi_sdio mmc2:0001:1: loaded firmware version 15.199615.0 op_mode iwlmvm
<11>[   15.835278]  HAL: process_signal: Forcing hald status to 'ready'
<11>[   15.974693] init: Warning!  Service setup_fs_nvm needs a SELinux domain defined; please fix!
<6>[   15.986778] binder: 208:208 transaction failed 29189, size 0-0
<3>[   15.995187] android_usb: already disabled
<11>[   16.006805] init: watchdogd: Failed to open /dev/watchdog: No such file or directory
<4>[   16.037973] EXT4-fs (mmcblk0p5): Ignoring removed nomblk_io_submit option
<6>[   16.083454] EXT4-fs (mmcblk0p5): mounted filesystem with ordered data mode. Opts: nomblk_io_submit,errors=remount-ro
<7>[   16.097172] SELinux: initialized (dev mmcblk0p5, type ext4), uses xattr
<38>[   16.191195] logd.auditd: start
<4>[   16.194007] EXT4-fs: Warning: mounting with data=journal disables delayed allocation and O_DIRECT support!
<6>[   16.205995] EXT4-fs (mmcblk0p5): mounted filesystem with journalled data mode. Opts: data=journal
<7>[   16.215456] SELinux: initialized (dev mmcblk0p5, type ext4), uses xattr
<11>[   17.098545]  HAL: hal_ipc_map: No HAL binding for [gralloc] - Falling back to legacy mode
<11>[   17.119066]  HAL: hal_ipc_map: No HAL binding for [gralloc] - Falling back to legacy mode
<11>[   17.128408]  HAL: hal_ipc_map: No HAL binding for [hwcomposer] - Falling back to legacy mode
<11>[   17.148186]  HAL: hal_ipc_map: No HAL binding for [gralloc] - Falling back to legacy mode
<6>[   17.271989] iwl_cfg80211: Calling CRDA to update world regulatory domain
<11>[   18.744584]  HAL: hal_ipc_map: No HAL binding for [gralloc] - Falling back to legacy mode
<11>[   18.754069]  HAL: hal_ipc_map: No HAL binding for [gralloc] - Falling back to legacy mode
<6>[   20.031778] iwlwifi_sdio mmc2:0001:1: Detected Intel(R) Dual Band Wireless-AC 8260, REV=0x204
<6>[   20.273466] sdhci: Timeout waiting for Buffer Read Ready interrupt during tuning procedure, falling back to fixed sampling clock
<6>[   20.284944] sdhci: Arasan workaround: back to autotuning
<6>[   20.311976] iwlwifi_sdio mmc2:0001:1: Device HW revision 0x204
<6>[   20.345468] iwlwifi_sdio mmc2:0001:1: wlan_irq=302
<3>[   20.423999] iwlwifi_sdio mmc2:0001:1: Got D2H message, queuing work
<6>[   20.442854] iwl_cfg80211: Calling CRDA to update world regulatory domain
<3>[   20.474061] iwlwifi_sdio mmc2:0001:1: Can't parse empty family 8000 OTP/NVM sections
<3>[   20.481712] iwlwifi_sdio mmc2:0001:1: Failed to read NVM: -61
<15>[   20.561037] SELinux:  Could not stat /sys/class/powercap: No such file or directory.
<11>[   20.594647] init: cannot find '/system/bin/debuggerd64', disabling 'debuggerd64'
<11>[   20.611396] init: cannot find '/system/bin/install-recovery.sh', disabling 'flash_recovery'
<3>[   20.625676] iwlwifi_sdio mmc2:0001:1: Failed to run INIT ucode: -61
<3>[   20.673061] xgold-sdhci e1700000.sdio: set pm state D0i2 during runtime suspend failed !
<7>[   20.708192] SELinux: initialized (dev fuse, type fuse), uses genfs_contexts
<6>[   20.763403] warning: `rpc-daemon' uses 32-bit capabilities (legacy support in use)
<11>[   20.800665] init: Warning!  Service swfg_daemon needs a SELinux domain defined; please fix!
<11>[   20.827193]  HAL: hal_ipc_map: No HAL binding for [keystore] - Falling back to legacy mode
<6>[   20.851272] read descriptors
<6>[   20.854193] read strings
<6>[   20.856658] mtp_bind_config
<12>[   21.099225] healthd: battery l=95 v=4102 t=39.0 h=2 st=3 c=-597 chg=
<6>[   21.231100] android_work: sent uevent USB_STATE=CONNECTED
<6>[   21.238754] android_work: sent uevent USB_STATE=DISCONNECTED
<6>[   21.322832] android_work: sent uevent USB_STATE=CONNECTED
<6>[   21.331225] android_usb gadget: high-speed config #1: android
<7>[   21.337216] [intel_phy_set_power] request mA = 500
<7>[   21.337317] [intel_phy_event_wq] 1100
<6>[   21.337362] [intel_phy_otg_fsm_pre_process_chrg] CHARGER_USB_SDP, 500 mA
<6>[   21.337764] android_work: sent uevent USB_STATE=CONFIGURED
<12>[   21.533053] healthd: battery l=95 v=4156 t=39.0 h=2 st=2 c=-597 chg=u
<12>[   21.570573] healthd: battery l=95 v=4154 t=39.0 h=2 st=2 c=-597 chg=u
<11>[   22.133849]  HAL: hal_ipc_map: No HAL binding for [gralloc] - Falling back to legacy mode
<11>[   22.157975]  HAL: hal_ipc_map: No HAL binding for [gralloc] - Falling back to legacy mode
<11>[   22.482568]  HAL: hal_ipc_map: No HAL binding for [gralloc] - Falling back to legacy mode
<6>[   23.624361] iwl_cfg80211: Calling CRDA to update world regulatory domain
<7>[   25.421828] SELinux: initialized (dev tmpfs, type tmpfs), uses transition SIDs
<11>[   26.242792]  HAL: hal_ipc_map: No HAL binding for [memtrack] - Falling back to legacy mode
<6>[   26.785474] iwl_cfg80211: Calling CRDA to update world regulatory domain
<11>[   27.575541]  HAL: hal_ipc_map: No HAL binding for [camera] - Falling back to legacy mode
<3>[   27.959918] CIF ISP2.0 v4l2_enum_input(1257) ERR: index 2 out of bounds
<11>[   28.055453]  HAL: hal_ipc_map: No HAL binding for [audio.primary] - Falling back to legacy mode
<11>[   28.275788]  HAL: hal_ipc_map: No HAL binding for [local_time] - Falling back to legacy mode
<6>[   29.946177] iwl_cfg80211: Calling CRDA to update world regulatory domain
<12>[   31.503893] healthd: battery l=95 v=4204 t=40.0 h=2 st=2 c=-15 chg=u
<6>[   33.117423] iwl_cfg80211: Calling CRDA to update world regulatory domain
<6>[   36.278140] iwl_cfg80211: Calling CRDA to update world regulatory domain
<11>[   37.200881]  HAL: hal_ipc_map: No HAL binding for [power] - Falling back to legacy mode
<6>[   39.439165] iwl_cfg80211: Calling CRDA to update world regulatory domain
<12>[   41.530413] healthd: battery l=95 v=4207 t=40.0 h=2 st=2 c=-18 chg=u
<6>[   42.600136] iwl_cfg80211: Calling CRDA to update world regulatory domain
<6>[   45.760971] iwl_cfg80211: Calling CRDA to update world regulatory domain
<6>[   48.922499] iwl_cfg80211: Exceeded CRDA call max attempts. Not calling CRDA
<12>[   51.552775] healthd: battery l=95 v=4176 t=39.0 h=2 st=2 c=-9 chg=u
<11>[   56.708854]  HAL: hal_ipc_map: No HAL binding for [lights] - Falling back to legacy mode
<12>[   56.755403] healthd: battery l=95 v=4226 t=39.0 h=2 st=2 c=0 chg=u
<11>[   57.126970]  HAL: hal_ipc_map: No HAL binding for [vibrator] - Falling back to legacy mode
<11>[   57.145040]  HAL: hal_ipc_map: No HAL binding for [consumerir] - Falling back to legacy mode
<11>[   57.394476]  HAL: hal_ipc_map: No HAL binding for [audio.a2dp] - Falling back to legacy mode
<11>[   57.414037]  HAL: hal_ipc_map: No HAL binding for [audio.usb] - Falling back to legacy mode
<11>[   57.431776]  HAL: hal_ipc_map: No HAL binding for [audio.r_submix] - Falling back to legacy mode
<11>[   57.464121]  HAL: hal_ipc_map: No HAL binding for [sound_trigger.primary] - Falling back to legacy mode
<6>[   57.859977] lowmemorykiller: lowmem_shrink: convert oom_adj to oom_score_adj:
<6>[   57.867153] lowmemorykiller: oom_adj 0 => oom_score_adj 0
<6>[   57.872448] lowmemorykiller: oom_adj 1 => oom_score_adj 58
<6>[   57.878041] lowmemorykiller: oom_adj 2 => oom_score_adj 117
<6>[   57.883511] lowmemorykiller: oom_adj 3 => oom_score_adj 176
<6>[   57.889196] lowmemorykiller: oom_adj 9 => oom_score_adj 529
<6>[   57.894738] lowmemorykiller: oom_adj 15 => oom_score_adj 1000
<6>[   59.577097] acc_open
<6>[   59.579457] acc_release
<11>[   59.781483]  HAL: hal_ipc_map: No HAL binding for [gralloc] - Falling back to legacy mode
<11>[   59.820958]  HAL: hal_ipc_map: No HAL binding for [fingerprint] - Falling back to legacy mode
<11>[   59.833733]  HAL: hal_ipc_map: No HAL binding for [gralloc] - Falling back to legacy mode
<12>[   61.584975] healthd: battery l=95 v=4166 t=39.0 h=2 st=2 c=-61 chg=u
<11>[   61.783448]  HAL: hal_ipc_map: No HAL binding for [gps] - Falling back to legacy mode
<11>[   61.815420]  HAL: hal_ipc_map: No HAL binding for [gralloc] - Falling back to legacy mode
<11>[   62.014866]  HAL: hal_ipc_map: No HAL binding for [flp] - Falling back to legacy mode
<11>[   62.041033]  HAL: hal_ipc_map: No HAL binding for [activity_recognition] - Falling back to legacy mode
<11>[   62.183303]  HAL: hal_ipc_map: No HAL binding for [gralloc] - Falling back to legacy mode
<11>[   62.306804]  HAL: hal_ipc_map: No HAL binding for [gralloc] - Falling back to legacy mode
<11>[   62.375145]  HAL: hal_ipc_map: No HAL binding for [gralloc] - Falling back to legacy mode
<11>[   62.446781]  HAL: hal_ipc_map: No HAL binding for [gralloc] - Falling back to legacy mode
<11>[   62.538078]  HAL: hal_ipc_map: No HAL binding for [gralloc] - Falling back to legacy mode
<11>[   62.625360]  HAL: hal_ipc_map: No HAL binding for [gralloc] - Falling back to legacy mode
<11>[   62.730957]  HAL: hal_ipc_map: No HAL binding for [gralloc] - Falling back to legacy mode
<11>[   62.843407]  HAL: hal_ipc_map: No HAL binding for [gralloc] - Falling back to legacy mode
<11>[   63.028162]  HAL: hal_ipc_map: No HAL binding for [gralloc] - Falling back to legacy mode
<11>[   63.126118]  HAL: hal_ipc_map: No HAL binding for [gralloc] - Falling back to legacy mode
<6>[   63.533364] spcu_thermal: notify_thermal_event: type=coretemp0, trip_id=0, temp=58104
<6>[   63.560758] spcu_thermal: notify_thermal_event: type=coretemp0, trip_id=1, temp=58104
<6>[   63.590247] spcu_thermal: notify_thermal_event: type=LTE, trip_id=0, temp=49792
<6>[   63.630301] spcu_thermal: notify_thermal_event: type=LTE, trip_id=1, temp=49792
<6>[   63.659108] spcu_thermal: notify_thermal_event: type=GPU, trip_id=0, temp=49170
<6>[   63.702025] spcu_thermal: notify_thermal_event: type=GPU, trip_id=1, temp=49170
<11>[   64.475062]  HAL: hal_ipc_map: No HAL binding for [nfc_nci.pn54x] - Falling back to legacy mode
<11>[   67.787209]  HAL: hal_ipc_map: No HAL binding for [gralloc] - Falling back to legacy mode
<11>[   68.561247]  HAL: hal_ipc_map: No HAL binding for [gralloc] - Falling back to legacy mode
<11>[   69.466013]  HAL: hal_ipc_map: No HAL binding for [gralloc] - Falling back to legacy mode
<11>[   69.853620]  HAL: hal_ipc_map: No HAL binding for [gralloc] - Falling back to legacy mode
<11>[   70.244721]  HAL: hal_ipc_map: No HAL binding for [gralloc] - Falling back to legacy mode
<12>[   71.597398] healthd: battery l=95 v=4197 t=40.0 h=2 st=2 c=-140 chg=u
<11>[   76.017570]  HAL: libhal_tm_post_processing: Could not allocate telemetry record
<12>[   81.597186] healthd: battery l=95 v=4220 t=40.0 h=2 st=2 c=-6 chg=u
<12>[   81.668017] healthd: battery l=95 v=4187 t=40.0 h=2 st=2 c=-6 chg=u
<11>[   83.219325]  HAL: hal_ipc_map: No HAL binding for [gralloc] - Falling back to legacy mode
<11>[   84.880097]  HAL: hal_ipc_map: No HAL binding for [gralloc] - Falling back to legacy mode
<6>[   85.355207] binder: undelivered transaction 16885
<12>[   91.676581] healthd: battery l=95 v=4206 t=40.0 h=2 st=2 c=-36 chg=u
<6>[   92.648228] mtp_open
<12>[  101.719735] healthd: battery l=95 v=4237 t=40.0 h=2 st=2 c=3 chg=u
<12>[  111.755266] healthd: battery l=95 v=4226 t=40.0 h=2 st=2 c=48 chg=u
<12>[  121.847504] healthd: battery l=95 v=4143 t=40.0 h=2 st=5 c=3 chg=u
<12>[  121.902663] healthd: battery l=95 v=4148 t=40.0 h=2 st=5 c=3 chg=u
<12>[  131.867113] healthd: battery l=95 v=4200 t=39.0 h=2 st=2 c=-305 chg=u
<12>[  131.920142] healthd: battery l=95 v=4207 t=39.0 h=2 st=2 c=-305 chg=u
<12>[  141.617693] healthd: battery l=95 v=4241 t=38.0 h=2 st=2 c=189 chg=u
<12>[  141.719965] healthd: battery l=95 v=4241 t=38.0 h=2 st=2 c=189 chg=u
<12>[  141.892440] healthd: battery l=95 v=4240 t=38.0 h=2 st=2 c=189 chg=u
<3>[  151.199123] binder: 2271: binder_alloc_buf, no vma
<6>[  151.208402] binder: 599:624 transaction failed 29201, size 116-0
<12>[  151.924536] healthd: battery l=95 v=4196 t=38.0 h=2 st=2 c=0 chg=u
<12>[  161.978389] healthd: battery l=95 v=4242 t=38.0 h=2 st=2 c=73 chg=u
<12>[  172.025389] healthd: battery l=95 v=4236 t=38.0 h=2 st=2 c=79 chg=u
<6>[  175.771472] lowmemorykiller: Killing 'putmethod.hindi' (2006), adj 1000,
<6>[  175.771472]    to free 26456kB on behalf of 'kswapd0' (79) because
<6>[  175.771472]    cache 181288kB is below limit 184320kB for oom_score_adj 1000
<6>[  175.771472]    Free memory is 111668kB above reserved
<6>[  175.799063] lowmemorykiller: Killing 'Heap thread poo' (2010), adj 1000,
<6>[  175.799063]    to free 26852kB on behalf of 'kswapd0' (79) because
<6>[  175.799063]    cache 181288kB is below limit 184320kB for oom_score_adj 1000
<6>[  175.799063]    Free memory is 111668kB above reserved
<11>[  179.627366]  HAL: hal_ipc_map: No HAL binding for [gralloc] - Falling back to legacy mode
<11>[  179.761654]  HAL: hal_ipc_map: No HAL binding for [gralloc] - Falling back to legacy mode
<12>[  182.097191] healthd: battery l=95 v=4154 t=38.0 h=2 st=5 c=42 chg=u
<12>[  182.172544] healthd: battery l=95 v=4150 t=38.0 h=2 st=5 c=42 chg=u
<12>[  192.131865] healthd: battery l=95 v=4205 t=38.0 h=2 st=2 c=-341 chg=u
<12>[  192.194679] healthd: battery l=95 v=4192 t=38.0 h=2 st=2 c=-341 chg=u
<12>[  201.624827] healthd: battery l=95 v=4236 t=38.0 h=2 st=2 c=134 chg=u
<12>[  202.151777] healthd: battery l=95 v=4231 t=38.0 h=2 st=2 c=134 chg=u
<3>[  209.896741] binder: 2271: binder_alloc_buf, no vma
<6>[  209.901754] binder: 599:895 transaction failed 29201, size 192-0
<12>[  212.172839] healthd: battery l=95 v=4225 t=37.0 h=2 st=2 c=-94 chg=u
<6>[  212.670928] lowmemorykiller: Killing 'le.android.keep' (2104), adj 764,
<6>[  212.670928]    to free 28812kB on behalf of 'kswapd0' (79) because
<6>[  212.670928]    cache 146288kB is below limit 147456kB for oom_score_adj 529
<6>[  212.670928]    Free memory is 114492kB above reserved
<6>[  212.697160] lowmemorykiller: Killing 'Heap thread poo' (2107), adj 764,
<6>[  212.697160]    to free 29136kB on behalf of 'kswapd0' (79) because
<6>[  212.697160]    cache 146436kB is below limit 147456kB for oom_score_adj 529
<6>[  212.697160]    Free memory is 114120kB above reserved
<6>[  213.257954] lowmemorykiller: Killing 'utmethod.pinyin' (2032), adj 1000,
<6>[  213.257954]    to free 25908kB on behalf of 'kswapd0' (79) because
<6>[  213.257954]    cache 149692kB is below limit 184320kB for oom_score_adj 1000
<6>[  213.257954]    Free memory is 111488kB above reserved
<6>[  213.577454] lowmemorykiller: Killing 'method.japanese' (2082), adj 1000,
<6>[  213.577454]    to free 21768kB on behalf of 'kswapd0' (79) because
<6>[  213.577454]    cache 150248kB is below limit 184320kB for oom_score_adj 1000
<6>[  213.577454]    Free memory is 111448kB above reserved
<6>[  214.101818] lowmemorykiller: Killing 'BenchMark:mpush' (2318), adj 764,
<6>[  214.101818]    to free 27524kB on behalf of 'kswapd0' (79) because
<6>[  214.101818]    cache 146632kB is below limit 147456kB for oom_score_adj 529
<6>[  214.101818]    Free memory is 113408kB above reserved
<6>[  214.463987] lowmemorykiller: Killing 'utmethod.korean' (2129), adj 1000,
<6>[  214.463987]    to free 25400kB on behalf of 'kswapd0' (79) because
<6>[  214.463987]    cache 147636kB is below limit 184320kB for oom_score_adj 1000
<6>[  214.463987]    Free memory is 112628kB above reserved
<6>[  214.907068] lowmemorykiller: Killing 'oadcastreceiver' (2368), adj 1000,
<6>[  214.907068]    to free 21448kB on behalf of 'kswapd0' (79) because
<6>[  214.907068]    cache 147084kB is below limit 147456kB for oom_score_adj 529
<6>[  214.907068]    Free memory is 112844kB above reserved
<6>[  215.389328] lowmemorykiller: Killing 'droid.apps.maps' (2166), adj 764,
<6>[  215.389328]    to free 32456kB on behalf of 'kswapd0' (79) because
<6>[  215.389328]    cache 146936kB is below limit 147456kB for oom_score_adj 529
<6>[  215.389328]    Free memory is 111904kB above reserved
<3>[  215.590592] binder: 2271: binder_alloc_buf, no vma
<6>[  215.596821] binder: 599:1056 transaction failed 29201, size 76-0
<6>[  215.676015] lowmemorykiller: Killing 'ogle.android.gm' (1945), adj 1000,
<6>[  215.676015]    to free 30656kB on behalf of 'kswapd0' (79) because
<6>[  215.676015]    cache 148080kB is below limit 184320kB for oom_score_adj 1000
<6>[  215.676015]    Free memory is 110508kB above reserved
<6>[  215.972394] lowmemorykiller: Killing 'id.partnersetup' (2389), adj 1000,
<6>[  215.972394]    to free 20804kB on behalf of 'kswapd0' (79) because
<6>[  215.972394]    cache 150528kB is below limit 184320kB for oom_score_adj 1000
<6>[  215.972394]    Free memory is 112136kB above reserved
<6>[  216.321824] lowmemorykiller: Killing 'ndroid.calendar' (1841), adj 764,
<6>[  216.321824]    to free 29296kB on behalf of 'kswapd0' (79) because
<6>[  216.321824]    cache 146680kB is below limit 147456kB for oom_score_adj 529
<6>[  216.321824]    Free memory is 113612kB above reserved
<6>[  216.382402] lowmemorykiller: Killing 'Heap thread poo' (1848), adj 764,
<6>[  216.382402]    to free 29548kB on behalf of 'kswapd0' (79) because
<6>[  216.382402]    cache 142808kB is below limit 147456kB for oom_score_adj 529
<6>[  216.382402]    Free memory is 115288kB above reserved
<3>[  216.538325] binder: 2271: binder_alloc_buf, no vma
<6>[  216.543028] binder: 599:1059 transaction failed 29201, size 76-0
<6>[  216.805315] lowmemorykiller: Killing 'roid.music:main' (2418), adj 1000,
<6>[  216.805315]    to free 37280kB on behalf of 'kswapd0' (79) because
<6>[  216.805315]    cache 146736kB is below limit 147456kB for oom_score_adj 529
<6>[  216.805315]    Free memory is 112948kB above reserved
<6>[  217.188510] lowmemorykiller: Killing 'id.gms.wearable' (2351), adj 1000,
<6>[  217.188510]    to free 26616kB on behalf of 'kswapd0' (79) because
<6>[  217.188510]    cache 149548kB is below limit 184320kB for oom_score_adj 1000
<6>[  217.188510]    Free memory is 112664kB above reserved
<3>[  217.348564] binder: 2271: binder_alloc_buf, no vma
<6>[  217.353267] binder: 599:613 transaction failed 29201, size 76-0
<6>[  217.846742] lowmemorykiller: Killing 'viders.calendar' (1654), adj 764,
<6>[  217.846742]    to free 25348kB on behalf of 'kswapd0' (79) because
<6>[  217.846742]    cache 145796kB is below limit 147456kB for oom_score_adj 529
<6>[  217.846742]    Free memory is 113536kB above reserved
<6>[  218.364202] lowmemorykiller: Killing 'le.android.talk' (2050), adj 647,
<6>[  218.364202]    to free 39968kB on behalf of 'kswapd0' (79) because
<6>[  218.364202]    cache 145944kB is below limit 147456kB for oom_score_adj 529
<6>[  218.364202]    Free memory is 111636kB above reserved
<12>[  222.202071] healthd: battery l=95 v=4160 t=38.0 h=2 st=2 c=-170 chg=u
<6>[  225.948203] lowmemorykiller: Killing 'd.process.acore' (961), adj 529,
<6>[  225.948203]    to free 27280kB on behalf of 'kswapd0' (79) because
<6>[  225.948203]    cache 146492kB is below limit 147456kB for oom_score_adj 529
<6>[  225.948203]    Free memory is 111672kB above reserved
<6>[  226.400294] lowmemorykiller: Killing 'android.youtube' (2193), adj 470,
<6>[  226.400294]    to free 38076kB on behalf of 'kswapd0' (79) because
<6>[  226.400294]    cache 127928kB is below limit 129024kB for oom_score_adj 176
<6>[  226.400294]    Free memory is 106864kB above reserved
<6>[  226.427048] lowmemorykiller: Killing 'Heap thread poo' (2198), adj 470,
<6>[  226.427048]    to free 38360kB on behalf of 'kswapd0' (79) because
<6>[  226.427048]    cache 127964kB is below limit 129024kB for oom_score_adj 176
<6>[  226.427048]    Free memory is 105424kB above reserved
<6>[  226.492043] lowmemorykiller: Killing 'd.process.media' (731), adj 470,
<6>[  226.492043]    to free 30336kB on behalf of 'kswapd0' (79) because
<6>[  226.492043]    cache 119340kB is below limit 129024kB for oom_score_adj 176
<6>[  226.492043]    Free memory is 109420kB above reserved
<6>[  226.605467] lowmemorykiller: Killing 'tel.crashreport' (1898), adj 470,
<6>[  226.605467]    to free 27468kB on behalf of 'kswapd0' (79) because
<6>[  226.605467]    cache 106344kB is below limit 129024kB for oom_score_adj 176
<6>[  226.605467]    Free memory is 126188kB above reserved
<6>[  226.631539] lowmemorykiller: Killing 'Heap thread poo' (1902), adj 470,
<6>[  226.631539]    to free 28108kB on behalf of 'kswapd0' (79) because
<6>[  226.631539]    cache 106344kB is below limit 129024kB for oom_score_adj 176
<6>[  226.631539]    Free memory is 126188kB above reserved
<6>[  226.657358] lowmemorykiller: Killing 'ABenchMark:push' (2290), adj 470,
<6>[  226.657358]    to free 27176kB on behalf of 'kswapd0' (79) because
<6>[  226.657358]    cache 106344kB is below limit 129024kB for oom_score_adj 176
<6>[  226.657358]    Free memory is 126660kB above reserved
<6>[  226.705761] mtp_release
<6>[  228.401276] lowmemorykiller: Killing 'earchbox:search' (1128), adj 470,
<6>[  228.401276]    to free 35476kB on behalf of 'kswapd0' (79) because
<6>[  228.401276]    cache 110972kB is below limit 129024kB for oom_score_adj 176
<6>[  228.401276]    Free memory is 112288kB above reserved
<6>[  229.128810] lowmemorykiller: Killing 'd.MSMLib.client' (2149), adj 470,
<6>[  229.128810]    to free 20844kB on behalf of 'kswapd0' (79) because
<6>[  229.128810]    cache 113916kB is below limit 129024kB for oom_score_adj 176
<6>[  229.128810]    Free memory is 111936kB above reserved
<6>[  229.436181] lowmemorykiller: Killing 'equicksearchbox' (914), adj 352,
<6>[  229.436181]    to free 49644kB on behalf of 'kswapd0' (79) because
<6>[  229.436181]    cache 113888kB is below limit 129024kB for oom_score_adj 176
<6>[  229.436181]    Free memory is 111732kB above reserved
<12>[  232.226959] healthd: battery l=95 v=4189 t=38.0 h=2 st=2 c=-88 chg=u
<6>[  233.551417] lowmemorykiller: Killing 'Thread-209' (2342), adj 294,
<6>[  233.551417]    to free 16456kB on behalf of 'kswapd0' (79) because
<6>[  233.551417]    cache 128912kB is below limit 129024kB for oom_score_adj 176
<6>[  233.551417]    Free memory is 112632kB above reserved
<11>[  233.697079] init: untracked pid 2342 killed by signal 9
<6>[  237.892035] lowmemorykiller: Killing 'android.youtube' (2605), adj 529,
<6>[  237.892035]    to free 45084kB on behalf of 'kswapd0' (79) because
<6>[  237.892035]    cache 126804kB is below limit 129024kB for oom_score_adj 176
<6>[  237.892035]    Free memory is 113972kB above reserved
<6>[  238.565736] mtp_open
<12>[  242.254052] healthd: battery l=95 v=4179 t=39.0 h=2 st=2 c=0 chg=u
<6>[  250.191237] lowmemorykiller: Killing 'e.process.gapps' (1209), adj 470,
<6>[  250.191237]    to free 39668kB on behalf of 'kswapd0' (79) because
<6>[  250.191237]    cache 126988kB is below limit 129024kB for oom_score_adj 176
<6>[  250.191237]    Free memory is 111744kB above reserved
<6>[  250.235842] lowmemorykiller: Killing 'd.process.media' (2682), adj 470,
<6>[  250.235842]    to free 27772kB on behalf of 'kswapd0' (79) because
<6>[  250.235842]    cache 124028kB is below limit 129024kB for oom_score_adj 176
<6>[  250.235842]    Free memory is 119404kB above reserved
<6>[  250.378463] mtp_release
<6>[  250.390518] lowmemorykiller: Killing 'ABenchMark:push' (2708), adj 294,
<6>[  250.390518]    to free 28788kB on behalf of 'kswapd0' (79) because
<6>[  250.390518]    cache 120436kB is below limit 129024kB for oom_score_adj 176
<6>[  250.390518]    Free memory is 113268kB above reserved
<6>[  250.849051] lowmemorykiller: Killing 'gle.android.gms' (1183), adj 294,
<6>[  250.849051]    to free 36432kB on behalf of 'kswapd0' (79) because
<6>[  250.849051]    cache 119240kB is below limit 129024kB for oom_score_adj 176
<6>[  250.849051]    Free memory is 111960kB above reserved
<6>[  251.661550] lowmemorykiller: Killing 'putmethod.latin' (808), adj 117,
<6>[  251.661550]    to free 29476kB on behalf of 'kswapd0' (79) because
<6>[  251.661550]    cache 97984kB is below limit 110592kB for oom_score_adj 117
<6>[  251.661550]    Free memory is 108664kB above reserved
<6>[  251.691381] lowmemorykiller: Killing 'Heap thread poo' (813), adj 117,
<6>[  251.691381]    to free 29896kB on behalf of 'kswapd0' (79) because
<6>[  251.691381]    cache 97984kB is below limit 110592kB for oom_score_adj 117
<6>[  251.691381]    Free memory is 104220kB above reserved
<6>[  251.880443] binder: 599:599 transaction failed 29189, size 100-0
<12>[  252.301704] healthd: battery l=95 v=4138 t=39.0 h=2 st=2 c=-326 chg=u
<6>[  252.412584] binder: 599:599 transaction failed 29189, size 100-0
<12>[  261.647008] healthd: battery l=95 v=4149 t=40.0 h=2 st=2 c=-286 chg=u
<12>[  261.735321] healthd: battery l=95 v=4175 t=40.0 h=2 st=2 c=-286 chg=u
<12>[  262.329485] healthd: battery l=95 v=4170 t=40.0 h=2 st=2 c=-283 chg=u
<6>[  266.255546] lowmemorykiller: Killing 'd.MSMLib.client' (2776), adj 294,
<6>[  266.255546]    to free 17088kB on behalf of 'kswapd0' (79) because
<6>[  266.255546]    cache 32436kB is below limit 129024kB for oom_score_adj 176
<6>[  266.255546]    Free memory is 113600kB above reserved
<6>[  269.856531] lowmemorykiller: Killing 'tel.crashreport' (2759), adj 294,
<6>[  269.856531]    to free 21580kB on behalf of 'kswapd0' (79) because
<6>[  269.856531]    cache 44764kB is below limit 129024kB for oom_score_adj 176
<6>[  269.856531]    Free memory is 112520kB above reserved
<12>[  272.385242] healthd: battery l=95 v=4133 t=41.0 h=2 st=2 c=-372 chg=u
<6>[  273.173399] spcu_thermal: notify_thermal_event: type=coretemp0, trip_id=1, temp=70307
<6>[  273.494679] spcu_thermal: notify_thermal_event: type=coretemp0, trip_id=1, temp=70307
<12>[  282.403201] healthd: battery l=95 v=4097 t=42.0 h=2 st=2 c=-396 chg=u
<12>[  282.470589] healthd: battery l=95 v=4110 t=42.0 h=2 st=2 c=-396 chg=u
<6>[  287.260437] lowmemorykiller: Killing 'e.process.gapps' (2737), adj 294,
<6>[  287.260437]    to free 18268kB on behalf of 'kswapd0' (79) because
<6>[  287.260437]    cache 19704kB is below limit 129024kB for oom_score_adj 176
<6>[  287.260437]    Free memory is 112144kB above reserved
<12>[  292.424744] healthd: battery l=95 v=4146 t=43.0 h=2 st=2 c=-283 chg=u
<12>[  302.478169] healthd: battery l=95 v=4115 t=44.0 h=2 st=2 c=-314 chg=u
<12>[  302.564964] healthd: battery l=95 v=4144 t=44.0 h=2 st=2 c=-314 chg=u
<6>[  302.608640] lowmemorykiller: Killing 'putmethod.latin' (2798), adj 117,
<6>[  302.608640]    to free 27320kB on behalf of 'kswapd0' (79) because
<6>[  302.608640]    cache 51208kB is below limit 110592kB for oom_score_adj 117
<6>[  302.608640]    Free memory is 104832kB above reserved
<6>[  302.832903] binder: release 2798:2849 transaction 44322 out, still active
<6>[  302.961905] lowmemorykiller: Killing 'd.process.acore' (2852), adj 529,
<6>[  302.961905]    to free 24116kB on behalf of 'kswapd0' (79) because
<6>[  302.961905]    cache 32480kB is below limit 129024kB for oom_score_adj 176
<6>[  302.961905]    Free memory is 115008kB above reserved
<6>[  303.102894] binder: release 2852:2866 transaction 44322 in, still active
<6>[  303.109922] binder: send failed reply for transaction 44322, target dead
<6>[  307.693654] mtp_open
<12>[  312.495752] healthd: battery l=95 v=4192 t=44.0 h=2 st=2 c=-164 chg=u
<6>[  312.836393] spcu_thermal: notify_thermal_event: type=coretemp0, trip_id=0, temp=68214
<6>[  312.875506] spcu_thermal: notify_thermal_event: type=coretemp0, trip_id=0, temp=68214
<11>[  317.173825]  HAL: hal_ipc_map: No HAL binding for [gralloc] - Falling back to legacy mode
<11>[  318.088647]  HAL: hal_ipc_map: No HAL binding for [gralloc] - Falling back to legacy mode
<11>[  320.693129]  HAL: hal_ipc_map: No HAL binding for [gralloc] - Falling back to legacy mode
<12>[  321.658573] healthd: battery l=95 v=4173 t=44.0 h=2 st=2 c=-204 chg=u
<12>[  322.524908] healthd: battery l=95 v=4163 t=44.0 h=2 st=2 c=-176 chg=u
<12>[  332.551800] healthd: battery l=95 v=4217 t=44.0 h=2 st=2 c=128 chg=u
<12>[  342.595214] healthd: battery l=95 v=4235 t=43.0 h=2 st=2 c=137 chg=u
<12>[  352.638603] healthd: battery l=95 v=4234 t=42.0 h=2 st=2 c=140 chg=u
<12>[  352.709027] healthd: battery l=95 v=4206 t=42.0 h=2 st=2 c=140 chg=u
<12>[  362.681056] healthd: battery l=95 v=4221 t=42.0 h=2 st=2 c=140 chg=u
<12>[  372.724924] healthd: battery l=95 v=4240 t=41.0 h=2 st=2 c=143 chg=u
<12>[  381.681028] healthd: battery l=95 v=4226 t=40.0 h=2 st=2 c=-137 chg=u
<12>[  381.768966] healthd: battery l=95 v=4200 t=40.0 h=2 st=2 c=-67 chg=u
<12>[  382.768502] healthd: battery l=95 v=4236 t=40.0 h=2 st=2 c=21 chg=u
<12>[  392.795051] healthd: battery l=95 v=4204 t=40.0 h=2 st=2 c=-12 chg=u
<11>[  400.595894]  HAL: hal_ipc_map: No HAL binding for [gralloc] - Falling back to legacy mode
<11>[  402.678955]  HAL: hal_ipc_map: No HAL binding for [gralloc] - Falling back to legacy mode
<12>[  402.830007] healthd: battery l=95 v=4159 t=40.0 h=2 st=2 c=-134 chg=u
<12>[  412.851851] healthd: battery l=95 v=4236 t=40.0 h=2 st=2 c=128 chg=u
<12>[  422.897850] healthd: battery l=95 v=4161 t=39.0 h=2 st=2 c=109 chg=u
<11>[  426.206996]  HAL: hal_ipc_map: No HAL binding for [gralloc] - Falling back to legacy mode
<11>[  431.561270]  HAL: hal_ipc_map: No HAL binding for [gralloc] - Falling back to legacy mode
<11>[  431.637829]  HAL: hal_ipc_map: No HAL binding for [gralloc] - Falling back to legacy mode
<12>[  432.941144] healthd: battery l=95 v=4192 t=39.0 h=2 st=2 c=-118 chg=u
<12>[  441.699269] healthd: battery l=95 v=4244 t=39.0 h=2 st=2 c=149 chg=u
<12>[  443.010743] healthd: battery l=95 v=4202 t=39.0 h=2 st=2 c=131 chg=u
<12>[  453.009976] healthd: battery l=95 v=4226 t=39.0 h=2 st=2 c=-73 chg=u
<6>[  456.090286] lowmemorykiller: Killing 'id.gms.wearable' (3001), adj 1000,
<6>[  456.090286]    to free 28136kB on behalf of 'kswapd0' (79) because
<6>[  456.090286]    cache 184312kB is below limit 184320kB for oom_score_adj 1000
<6>[  456.090286]    Free memory is 112768kB above reserved
<6>[  462.227081] lowmemorykiller: Killing 'earchbox:search' (3215), adj 764,
<6>[  462.227081]    to free 37664kB on behalf of 'kswapd0' (79) because
<6>[  462.227081]    cache 138932kB is below limit 147456kB for oom_score_adj 529
<6>[  462.227081]    Free memory is 115048kB above reserved
<6>[  462.296249] lowmemorykiller: Killing 'id.partnersetup' (3257), adj 764,
<6>[  462.296249]    to free 19508kB on behalf of 'kswapd0' (79) because
<6>[  462.296249]    cache 138636kB is below limit 147456kB for oom_score_adj 529
<6>[  462.296249]    Free memory is 110688kB above reserved
<6>[  462.341888] lowmemorykiller: Killing 'le.android.talk' (2985), adj 647,
<6>[  462.341888]    to free 37204kB on behalf of 'kswapd0' (79) because
<6>[  462.341888]    cache 135340kB is below limit 147456kB for oom_score_adj 529
<6>[  462.341888]    Free memory is 116560kB above reserved
<12>[  463.044468] healthd: battery l=95 v=4181 t=39.0 h=2 st=2 c=-118 chg=u
<6>[  463.640738] lowmemorykiller: Killing 'tel.crashreport' (3067), adj 764,
<6>[  463.640738]    to free 21784kB on behalf of 'kswapd0' (79) because
<6>[  463.640738]    cache 135308kB is below limit 147456kB for oom_score_adj 529
<6>[  463.640738]    Free memory is 113008kB above reserved
<6>[  464.549199] lowmemorykiller: Killing 'd.process.acore' (2940), adj 647,
<6>[  464.549199]    to free 25420kB on behalf of 'kswapd0' (79) because
<6>[  464.549199]    cache 131684kB is below limit 147456kB for oom_score_adj 529
<6>[  464.549199]    Free memory is 114056kB above reserved
<6>[  465.646717] lowmemorykiller: Killing 'gle.android.gms' (2827), adj 529,
<6>[  465.646717]    to free 37160kB on behalf of 'kswapd0' (79) because
<6>[  465.646717]    cache 130260kB is below limit 147456kB for oom_score_adj 529
<6>[  465.646717]    Free memory is 113448kB above reserved
<12>[  473.053836] healthd: battery l=95 v=4224 t=39.0 h=2 st=2 c=6 chg=u
<12>[  483.077138] healthd: battery l=95 v=4211 t=39.0 h=2 st=2 c=-6 chg=u
<6>[  485.882064] lowmemorykiller: Killing 'd.process.media' (2872), adj 470,
<6>[  485.882064]    to free 21928kB on behalf of 'kswapd0' (79) because
<6>[  485.882064]    cache 128812kB is below limit 129024kB for oom_score_adj 176
<6>[  485.882064]    Free memory is 110724kB above reserved
<6>[  485.928568] lowmemorykiller: Killing 'd.MSMLib.client' (3173), adj 470,
<6>[  485.928568]    to free 16140kB on behalf of 'kswapd0' (79) because
<6>[  485.928568]    cache 125516kB is below limit 129024kB for oom_score_adj 176
<6>[  485.928568]    Free memory is 112988kB above reserved
<6>[  486.000487] lowmemorykiller: Killing 'equicksearchbox' (2918), adj 352,
<6>[  486.000487]    to free 49512kB on behalf of 'kswapd0' (79) because
<6>[  486.000487]    cache 125516kB is below limit 129024kB for oom_score_adj 176
<6>[  486.000487]    Free memory is 111796kB above reserved
<6>[  486.054145] mtp_release
<6>[  486.058320] lowmemorykiller: Killing 'e.process.gapps' (2902), adj 294,
<6>[  486.058320]    to free 35524kB on behalf of 'kswapd0' (79) because
<6>[  486.058320]    cache 123000kB is below limit 129024kB for oom_score_adj 176
<6>[  486.058320]    Free memory is 124688kB above reserved
<6>[  487.173509] lowmemorykiller: Killing 'ABenchMark:push' (3238), adj 294,
<6>[  487.173509]    to free 22716kB on behalf of 'kswapd0' (79) because
<6>[  487.173509]    cache 125036kB is below limit 129024kB for oom_score_adj 176
<6>[  487.173509]    Free memory is 113160kB above reserved
<6>[  487.562566] lowmemorykiller: Killing 'putmethod.latin' (3049), adj 117,
<6>[  487.562566]    to free 24744kB on behalf of 'kswapd0' (79) because
<6>[  487.562566]    cache 110168kB is below limit 110592kB for oom_score_adj 117
<6>[  487.562566]    Free memory is 101052kB above reserved
<6>[  487.681100] lowmemorykiller: Killing 'Heap thread poo' (3054), adj 117,
<6>[  487.681100]    to free 24664kB on behalf of 'kswapd0' (79) because
<6>[  487.681100]    cache 101732kB is below limit 110592kB for oom_score_adj 117
<6>[  487.681100]    Free memory is 100668kB above reserved
<6>[  487.711316] lowmemorykiller: Killing 'Heap thread poo' (3054), adj 117,
<6>[  487.711316]    to free 24656kB on behalf of 'Thread-326' (3360) because
<6>[  487.711316]    cache 99216kB is below limit 110592kB for oom_score_adj 117
<6>[  487.711316]    Free memory is 100640kB above reserved
<6>[  487.892714] binder: 599:599 transaction failed 29189, size 100-0
<6>[  489.966987] binder: 599:599 transaction failed 29189, size 100-0
<12>[  493.116660] healthd: battery l=95 v=4169 t=39.0 h=2 st=2 c=-286 chg=u
<6>[  499.329757] lowmemorykiller: Killing 'd.MSMLib.client' (3393), adj 294,
<6>[  499.329757]    to free 17996kB on behalf of 'kswapd0' (79) because
<6>[  499.329757]    cache 51604kB is below limit 129024kB for oom_score_adj 176
<6>[  499.329757]    Free memory is 112188kB above reserved
<6>[  501.365736] mtp_open
<12>[  501.713047] healthd: battery l=95 v=4175 t=40.0 h=2 st=2 c=-256 chg=u
<6>[  502.490899] lowmemorykiller: Killing 'd.process.media' (3375), adj 294,
<6>[  502.490899]    to free 24652kB on behalf of 'kswapd0' (79) because
<6>[  502.490899]    cache 54224kB is below limit 129024kB for oom_score_adj 176
<6>[  502.490899]    Free memory is 112576kB above reserved
<3>[  502.544913] binder: 3375: binder_alloc_buf, no vma
<6>[  502.549878] binder: 599:1761 transaction failed 29201, size 8-0
<6>[  502.559528] binder: send failed reply for transaction 61054 to 3375:3416
<6>[  502.629868] mtp_release
<12>[  503.148066] healthd: battery l=95 v=4154 t=40.0 h=2 st=2 c=-271 chg=u
<12>[  513.171300] healthd: battery l=95 v=4168 t=40.0 h=2 st=2 c=-277 chg=u
<6>[  517.777716] lowmemorykiller: Killing 'e.process.gapps' (3418), adj 294,
<6>[  517.777716]    to free 34872kB on behalf of 'kswapd0' (79) because
<6>[  517.777716]    cache 45240kB is below limit 129024kB for oom_score_adj 176
<6>[  517.777716]    Free memory is 114104kB above reserved
<3>[  517.909982] binder: 3418: binder_alloc_buf, no vma
<6>[  517.919261] binder: 599:825 transaction failed 29201, size 4-0
<6>[  517.925087] binder: send failed reply for transaction 61601 to 3418:3444
<12>[  523.240125] healthd: battery l=95 v=4149 t=41.0 h=2 st=2 c=-265 chg=u
<6>[  525.370497] lowmemorykiller: Killing 'ABenchMark:push' (3449), adj 294,
<6>[  525.370497]    to free 22036kB on behalf of 'kswapd0' (79) because
<6>[  525.370497]    cache 40388kB is below limit 129024kB for oom_score_adj 176
<6>[  525.370497]    Free memory is 113672kB above reserved
<6>[  532.794907] spcu_thermal: notify_thermal_event: type=coretemp0, trip_id=1, temp=71716
<6>[  533.017489] spcu_thermal: notify_thermal_event: type=coretemp0, trip_id=1, temp=71716
<12>[  533.259413] healthd: battery l=95 v=4134 t=42.0 h=2 st=2 c=-402 chg=u
<12>[  533.347439] healthd: battery l=95 v=4114 t=42.0 h=2 st=2 c=-402 chg=u
<6>[  542.950456] spcu_thermal: notify_thermal_event: type=coretemp0, trip_id=0, temp=68214
<6>[  543.039891] spcu_thermal: notify_thermal_event: type=coretemp0, trip_id=0, temp=68214
<12>[  543.306268] healthd: battery l=95 v=4175 t=43.0 h=2 st=2 c=-176 chg=u
<6>[  550.761978] mtp_open
<11>[  553.238935]  HAL: hal_ipc_map: No HAL binding for [gralloc] - Falling back to legacy mode
<12>[  553.330922] healthd: battery l=95 v=4179 t=43.0 h=2 st=2 c=-91 chg=u
<11>[  553.807522]  HAL: hal_ipc_map: No HAL binding for [gralloc] - Falling back to legacy mode
<11>[  556.116622]  HAL: hal_ipc_map: No HAL binding for [gralloc] - Falling back to legacy mode
<12>[  561.736693] healthd: battery l=95 v=4236 t=43.0 h=2 st=2 c=76 chg=u
<12>[  563.363230] healthd: battery l=95 v=4210 t=43.0 h=2 st=2 c=-3 chg=u
<12>[  573.374846] healthd: battery l=95 v=4204 t=42.0 h=2 st=2 c=-125 chg=u
<11>[  581.197051]  HAL: hal_ipc_map: No HAL binding for [gralloc] - Falling back to legacy mode
<11>[  583.046095]  HAL: hal_ipc_map: No HAL binding for [gralloc] - Falling back to legacy mode
<12>[  583.423440] healthd: battery l=95 v=4180 t=41.0 h=2 st=2 c=-106 chg=u
<11>[  592.941597]  HAL: hal_ipc_map: No HAL binding for [gralloc] - Falling back to legacy mode
<12>[  593.473547] healthd: battery l=95 v=4163 t=41.0 h=2 st=2 c=-97 chg=u
<11>[  598.841665]  HAL: hal_ipc_map: No HAL binding for [gralloc] - Falling back to legacy mode
<11>[  598.921493]  HAL: hal_ipc_map: No HAL binding for [gralloc] - Falling back to legacy mode
<12>[  603.516901] healthd: battery l=95 v=4234 t=41.0 h=2 st=2 c=137 chg=u
<12>[  613.576413] healthd: battery l=95 v=4215 t=40.0 h=2 st=2 c=149 chg=u
<12>[  613.634368] healthd: battery l=95 v=4210 t=40.0 h=2 st=2 c=149 chg=u
<12>[  621.746389] healthd: battery l=95 v=4212 t=39.0 h=2 st=2 c=146 chg=u
<12>[  623.602183] healthd: battery l=95 v=4225 t=39.0 h=2 st=2 c=149 chg=u
<12>[  633.647193] healthd: battery l=95 v=4235 t=38.0 h=2 st=2 c=140 chg=u
<12>[  633.733563] healthd: battery l=95 v=4194 t=38.0 h=2 st=2 c=140 chg=u
<12>[  643.690635] healthd: battery l=95 v=4227 t=38.0 h=2 st=2 c=143 chg=u
<12>[  653.733320] healthd: battery l=95 v=4241 t=37.0 h=2 st=2 c=143 chg=u
<12>[  663.788017] healthd: battery l=95 v=4224 t=37.0 h=2 st=2 c=140 chg=u
<12>[  673.820131] healthd: battery l=95 v=4232 t=37.0 h=2 st=2 c=149 chg=u
<12>[  681.775541] healthd: battery l=95 v=4247 t=37.0 h=2 st=2 c=143 chg=u
<12>[  683.873221] healthd: battery l=95 v=4240 t=36.0 h=2 st=2 c=149 chg=u
<12>[  683.967843] healthd: battery l=95 v=4217 t=36.0 h=2 st=2 c=146 chg=u
<12>[  693.905172] healthd: battery l=95 v=4229 t=36.0 h=2 st=2 c=143 chg=u
<12>[  703.950936] healthd: battery l=95 v=4224 t=36.0 h=2 st=2 c=152 chg=u
<12>[  713.992026] healthd: battery l=95 v=4244 t=36.0 h=2 st=2 c=149 chg=u
<12>[  724.035288] healthd: battery l=95 v=4244 t=36.0 h=2 st=2 c=143 chg=u
<12>[  734.078661] healthd: battery l=95 v=4245 t=36.0 h=2 st=2 c=149 chg=u
<12>[  741.794567] healthd: battery l=95 v=4241 t=36.0 h=2 st=2 c=146 chg=u
<12>[  744.121738] healthd: battery l=95 v=4234 t=36.0 h=2 st=2 c=149 chg=u
<12>[  754.165475] healthd: battery l=95 v=4217 t=35.0 h=2 st=2 c=67 chg=u
<12>[  764.187618] healthd: battery l=95 v=4211 t=36.0 h=2 st=2 c=21 chg=u
<6>[  771.515666] lowmemorykiller: Killing 'tel.crashreport' (3736), adj 1000,
<6>[  771.515666]    to free 21580kB on behalf of 'kswapd0' (79) because
<6>[  771.515666]    cache 180360kB is below limit 184320kB for oom_score_adj 1000
<6>[  771.515666]    Free memory is 107096kB above reserved
<6>[  771.542120] lowmemorykiller: Killing 'Heap thread poo' (3741), adj 1000,
<6>[  771.542120]    to free 22060kB on behalf of 'kswapd0' (79) because
<6>[  771.542120]    cache 180360kB is below limit 184320kB for oom_score_adj 1000
<6>[  771.542120]    Free memory is 98788kB above reserved
<6>[  771.668380] lowmemorykiller: Killing 'gle.android.gms' (3466), adj 764,
<6>[  771.668380]    to free 37532kB on behalf of 'kswapd0' (79) because
<6>[  771.668380]    cache 143720kB is below limit 147456kB for oom_score_adj 529
<6>[  771.668380]    Free memory is 112552kB above reserved
<6>[  771.696038] lowmemorykiller: Killing 'Heap thread poo' (3470), adj 764,
<6>[  771.696038]    to free 38052kB on behalf of 'kswapd0' (79) because
<6>[  771.696038]    cache 143720kB is below limit 147456kB for oom_score_adj 529
<6>[  771.696038]    Free memory is 112220kB above reserved
<6>[  771.723803] lowmemorykiller: Killing 'ReferenceQueueD' (3476), adj 764,
<6>[  771.723803]    to free 38852kB on behalf of 'kswapd0' (79) because
<6>[  771.723803]    cache 143720kB is below limit 147456kB for oom_score_adj 529
<6>[  771.723803]    Free memory is 112220kB above reserved
<6>[  771.750786] lowmemorykiller: Killing 'id.gms.wearable' (3649), adj 764,
<6>[  771.750786]    to free 26744kB on behalf of 'kswapd0' (79) because
<6>[  771.750786]    cache 143720kB is below limit 147456kB for oom_score_adj 529
<6>[  771.750786]    Free memory is 114320kB above reserved
<6>[  771.777653] lowmemorykiller: Killing 'Heap thread poo' (3653), adj 764,
<6>[  771.777653]    to free 27184kB on behalf of 'kswapd0' (79) because
<6>[  771.777653]    cache 143720kB is below limit 147456kB for oom_score_adj 529
<6>[  771.777653]    Free memory is 120248kB above reserved
<6>[  773.419055] lowmemorykiller: Killing 'id.partnersetup' (3814), adj 1000,
<6>[  773.419055]    to free 19048kB on behalf of 'kswapd0' (79) because
<6>[  773.419055]    cache 144512kB is below limit 147456kB for oom_score_adj 529
<6>[  773.419055]    Free memory is 109828kB above reserved
<6>[  773.455101] lowmemorykiller: Killing 'earchbox:search' (3790), adj 764,
<6>[  773.455101]    to free 37136kB on behalf of 'kswapd0' (79) because
<6>[  773.455101]    cache 141700kB is below limit 147456kB for oom_score_adj 529
<6>[  773.455101]    Free memory is 111908kB above reserved
<12>[  774.221307] healthd: battery l=95 v=4183 t=36.0 h=2 st=2 c=-137 chg=u
<6>[  779.049636] lowmemorykiller: Killing 'le.android.talk' (3672), adj 647,
<6>[  779.049636]    to free 37748kB on behalf of 'kswapd0' (79) because
<6>[  779.049636]    cache 140712kB is below limit 147456kB for oom_score_adj 529
<6>[  779.049636]    Free memory is 109872kB above reserved
<12>[  784.232995] healthd: battery l=95 v=4225 t=37.0 h=2 st=2 c=0 chg=u
<12>[  794.254653] healthd: battery l=95 v=4222 t=37.0 h=2 st=2 c=12 chg=u
<6>[  795.650580] lowmemorykiller: Killing 'd.process.acore' (3566), adj 529,
<6>[  795.650580]    to free 26196kB on behalf of 'kswapd0' (79) because
<6>[  795.650580]    cache 138452kB is below limit 147456kB for oom_score_adj 529
<6>[  795.650580]    Free memory is 109988kB above reserved
<6>[  795.755149] lowmemorykiller: Killing 'd.process.media' (3616), adj 470,
<6>[  795.755149]    to free 24012kB on behalf of 'kswapd0' (79) because
<6>[  795.755149]    cache 128496kB is below limit 129024kB for oom_score_adj 176
<6>[  795.755149]    Free memory is 113064kB above reserved
<6>[  795.917379] mtp_release
<6>[  796.135197] lowmemorykiller: Killing 'd.MSMLib.client' (3543), adj 470,
<6>[  796.135197]    to free 17080kB on behalf of 'kswapd0' (79) because
<6>[  796.135197]    cache 128644kB is below limit 129024kB for oom_score_adj 176
<6>[  796.135197]    Free memory is 109880kB above reserved
<6>[  796.220332] lowmemorykiller: Killing 'equicksearchbox' (3582), adj 352,
<6>[  796.220332]    to free 50704kB on behalf of 'kswapd0' (79) because
<6>[  796.220332]    cache 125536kB is below limit 129024kB for oom_score_adj 176
<6>[  796.220332]    Free memory is 109920kB above reserved
<6>[  796.777023] lowmemorykiller: Killing 'e.process.gapps' (3513), adj 470,
<6>[  796.777023]    to free 31852kB on behalf of 'kswapd0' (79) because
<6>[  796.777023]    cache 121316kB is below limit 129024kB for oom_score_adj 176
<6>[  796.777023]    Free memory is 110916kB above reserved
<6>[  796.901338] lowmemorykiller: Killing 'ABenchMark:push' (3901), adj 294,
<6>[  796.901338]    to free 22928kB on behalf of 'kswapd0' (79) because
<6>[  796.901338]    cache 119392kB is below limit 129024kB for oom_score_adj 176
<6>[  796.901338]    Free memory is 110052kB above reserved
<6>[  796.958058] lowmemorykiller: Killing 'Heap thread poo' (3908), adj 294,
<6>[  796.958058]    to free 22436kB on behalf of 'kswapd0' (79) because
<6>[  796.958058]    cache 117024kB is below limit 129024kB for oom_score_adj 176
<6>[  796.958058]    Free memory is 111088kB above reserved
<6>[  797.365209] lowmemorykiller: Killing 'putmethod.latin' (3496), adj 117,
<6>[  797.365209]    to free 22064kB on behalf of 'kswapd0' (79) because
<6>[  797.365209]    cache 106328kB is below limit 110592kB for oom_score_adj 117
<6>[  797.365209]    Free memory is 99016kB above reserved
<6>[  797.563229] binder: 599:599 transaction failed 29189, size 100-0
<6>[  798.319535] binder: 599:599 transaction failed 29189, size 100-0
<12>[  801.826023] healthd: battery l=95 v=4189 t=37.0 h=2 st=2 c=-356 chg=u
<12>[  804.299689] healthd: battery l=95 v=4165 t=38.0 h=2 st=2 c=-341 chg=u
<12>[  804.387993] healthd: battery l=95 v=4155 t=38.0 h=2 st=2 c=-341 chg=u
